Archive member included to satisfy reference by file (symbol)

d:/gd32/gd32f103/ziji/nucleistudio_ide_201908/toolchain/risc-v embedded gcc/8.2.0-2.2-20190521-0004/bin/../lib/gcc/riscv-none-embed/8.2.0/../../../../riscv-none-embed/lib\libc.a(lib_a-atexit.o)
                              SRC\BSP\Common\env_Eclipse\start.o (atexit)
d:/gd32/gd32f103/ziji/nucleistudio_ide_201908/toolchain/risc-v embedded gcc/8.2.0-2.2-20190521-0004/bin/../lib/gcc/riscv-none-embed/8.2.0/../../../../riscv-none-embed/lib\libc.a(lib_a-exit.o)
                              SRC\BSP\Common\env_Eclipse\start.o (exit)
d:/gd32/gd32f103/ziji/nucleistudio_ide_201908/toolchain/risc-v embedded gcc/8.2.0-2.2-20190521-0004/bin/../lib/gcc/riscv-none-embed/8.2.0/../../../../riscv-none-embed/lib\libc.a(lib_a-fini.o)
                              SRC\BSP\Common\env_Eclipse\start.o (__libc_fini_array)
d:/gd32/gd32f103/ziji/nucleistudio_ide_201908/toolchain/risc-v embedded gcc/8.2.0-2.2-20190521-0004/bin/../lib/gcc/riscv-none-embed/8.2.0/../../../../riscv-none-embed/lib\libc.a(lib_a-impure.o)
                              d:/gd32/gd32f103/ziji/nucleistudio_ide_201908/toolchain/risc-v embedded gcc/8.2.0-2.2-20190521-0004/bin/../lib/gcc/riscv-none-embed/8.2.0/../../../../riscv-none-embed/lib\libc.a(lib_a-exit.o) (_global_impure_ptr)
d:/gd32/gd32f103/ziji/nucleistudio_ide_201908/toolchain/risc-v embedded gcc/8.2.0-2.2-20190521-0004/bin/../lib/gcc/riscv-none-embed/8.2.0/../../../../riscv-none-embed/lib\libc.a(lib_a-init.o)
                              SRC\BSP\Common\env_Eclipse\start.o (__libc_init_array)
d:/gd32/gd32f103/ziji/nucleistudio_ide_201908/toolchain/risc-v embedded gcc/8.2.0-2.2-20190521-0004/bin/../lib/gcc/riscv-none-embed/8.2.0/../../../../riscv-none-embed/lib\libc.a(lib_a-memcmp.o)
                              SRC\Module\RES_MGR\Flash_Writer.o (memcmp)
d:/gd32/gd32f103/ziji/nucleistudio_ide_201908/toolchain/risc-v embedded gcc/8.2.0-2.2-20190521-0004/bin/../lib/gcc/riscv-none-embed/8.2.0/../../../../riscv-none-embed/lib\libc.a(lib_a-memcpy.o)
                              SRC\BSP\Board\YH_GD32V103\X_GUI_Drv\GUI_Drv.o (memcpy)
d:/gd32/gd32f103/ziji/nucleistudio_ide_201908/toolchain/risc-v embedded gcc/8.2.0-2.2-20190521-0004/bin/../lib/gcc/riscv-none-embed/8.2.0/../../../../riscv-none-embed/lib\libc.a(lib_a-memset.o)
                              SRC\BSP\Board\YH_GD32V103\__c_retarget.o (memset)
d:/gd32/gd32f103/ziji/nucleistudio_ide_201908/toolchain/risc-v embedded gcc/8.2.0-2.2-20190521-0004/bin/../lib/gcc/riscv-none-embed/8.2.0/../../../../riscv-none-embed/lib\libc.a(lib_a-__atexit.o)
                              d:/gd32/gd32f103/ziji/nucleistudio_ide_201908/toolchain/risc-v embedded gcc/8.2.0-2.2-20190521-0004/bin/../lib/gcc/riscv-none-embed/8.2.0/../../../../riscv-none-embed/lib\libc.a(lib_a-atexit.o) (__register_exitproc)
d:/gd32/gd32f103/ziji/nucleistudio_ide_201908/toolchain/risc-v embedded gcc/8.2.0-2.2-20190521-0004/bin/../lib/gcc/riscv-none-embed/8.2.0/../../../../riscv-none-embed/lib\libc.a(lib_a-__call_atexit.o)
                              d:/gd32/gd32f103/ziji/nucleistudio_ide_201908/toolchain/risc-v embedded gcc/8.2.0-2.2-20190521-0004/bin/../lib/gcc/riscv-none-embed/8.2.0/../../../../riscv-none-embed/lib\libc.a(lib_a-exit.o) (__call_exitprocs)
d:/gd32/gd32f103/ziji/nucleistudio_ide_201908/toolchain/risc-v embedded gcc/8.2.0-2.2-20190521-0004/bin/../lib/gcc/riscv-none-embed/8.2.0/../../../../riscv-none-embed/lib\libc.a(lib_a-lock.o)
                              d:/gd32/gd32f103/ziji/nucleistudio_ide_201908/toolchain/risc-v embedded gcc/8.2.0-2.2-20190521-0004/bin/../lib/gcc/riscv-none-embed/8.2.0/../../../../riscv-none-embed/lib\libc.a(lib_a-__atexit.o) (__retarget_lock_acquire_recursive)
D:\GD32\GD32F103\test_code\liuwei\emXGUI_GD32F103\Project\Eclipse_RISC-V\CPU_LIB\libGD32V1xx.a(n200_func.o)
                              SRC\BSP\Common\env_Eclipse\init.o (eclic_init)
D:\GD32\GD32F103\test_code\liuwei\emXGUI_GD32F103\Project\Eclipse_RISC-V\CPU_LIB\libGD32V1xx.a(gd32vf103_eclic.o)
                              SRC\BSP\Board\YH_GD32V103\Board_Main.o (eclic_global_interrupt_enable)
D:\GD32\GD32F103\test_code\liuwei\emXGUI_GD32F103\Project\Eclipse_RISC-V\CPU_LIB\libGD32V1xx.a(gd32vf103_exmc.o)
                              SRC\BSP\Board\YH_GD32V103\Board_Misc.o (exmc_norsram_init)
D:\GD32\GD32F103\test_code\liuwei\emXGUI_GD32F103\Project\Eclipse_RISC-V\CPU_LIB\libGD32V1xx.a(gd32vf103_gpio.o)
                              SRC\BSP\Board\YH_GD32V103\Board_Main.o (gpio_init)
D:\GD32\GD32F103\test_code\liuwei\emXGUI_GD32F103\Project\Eclipse_RISC-V\CPU_LIB\libGD32V1xx.a(gd32vf103_rcu.o)
                              SRC\BSP\Board\YH_GD32V103\Board_Main.o (rcu_periph_clock_enable)
D:\GD32\GD32F103\test_code\liuwei\emXGUI_GD32F103\Project\Eclipse_RISC-V\CPU_LIB\libGD32V1xx.a(gd32vf103_timer.o)
                              SRC\BSP\OS_Arch\arch_MicroKernel_c.o (timer_deinit)
[...]
Memory Configuration

Name             Origin             Length             Attributes
flash            0x0000000008000000 0x0000000000020000 axrl !w
ram              0x0000000020000000 0x0000000000008000 axw !rl
*default*        0x0000000000000000 0xffffffffffffffff

Linker script and memory map

LOAD SRC\BSP\BSP.o
LOAD SRC\BSP\Board\YH_GD32V103\Board_Main.o
LOAD SRC\BSP\Board\YH_GD32V103\Board_Mem.o
LOAD SRC\BSP\Board\YH_GD32V103\Board_Misc.o
LOAD SRC\BSP\Board\YH_GD32V103\GUI_DEMO_RectSpeed.o
LOAD SRC\BSP\Board\YH_GD32V103\X_GUI_Drv\ADS7843.o
LOAD SRC\BSP\Board\YH_GD32V103\X_GUI_Drv\DisplayDev.o
LOAD SRC\BSP\Board\YH_GD32V103\X_GUI_Drv\GUI_Drv.o
LOAD SRC\BSP\Board\YH_GD32V103\X_GUI_Drv\ILI9341_16Bit.o
LOAD SRC\BSP\Board\YH_GD32V103\X_GUI_Drv\TouchDev.o
LOAD SRC\BSP\Board\YH_GD32V103\__c_retarget.o
LOAD SRC\BSP\Board\YH_GD32V103\__cpp_runtime.o
LOAD SRC\BSP\Board\YH_GD32V103\system_gd32vf103.o
LOAD SRC\BSP\Common\env_Eclipse\entry.o
LOAD SRC\BSP\Common\env_Eclipse\handlers.o
LOAD SRC\BSP\Common\env_Eclipse\init.o
LOAD SRC\BSP\Common\env_Eclipse\start.o
LOAD SRC\BSP\Common\env_Eclipse\your_printf.o
LOAD SRC\BSP\Common\startup_c.o
LOAD SRC\BSP\OS_Arch\arch_MicroKernel_GCC.o
LOAD SRC\BSP\OS_Arch\arch_MicroKernel_c.o
LOAD SRC\BSP\X_GUI_Arch\EXT_LCD_Arch.o
LOAD SRC\BSP\X_GUI_Arch\GUI_Arch.o
LOAD SRC\BSP\X_GUI_Arch\GUI_GPU.o
LOAD SRC\BSP\X_GUI_Arch\GUI_TouchPanel.o
LOAD SRC\BSP\X_GUI_Arch\GUI_TouchPanel_Calibration.o
LOAD SRC\BSP\X_GUI_Arch\OEM_Face\OEM_Button.o
LOAD SRC\BSP\X_GUI_Arch\OEM_Face\OEM_CheckBox.o
LOAD SRC\BSP\X_GUI_Arch\OEM_Face\OEM_GroupBox.o
LOAD SRC\BSP\X_GUI_Arch\OEM_Face\OEM_ListBox.o
LOAD SRC\BSP\X_GUI_Arch\OEM_Face\OEM_ProgressBar.o
LOAD SRC\BSP\X_GUI_Arch\OEM_Face\OEM_RadioBox.o
LOAD SRC\BSP\X_GUI_Arch\OEM_Face\OEM_ScrollBar.o
LOAD SRC\BSP\X_GUI_Arch\OEM_Face\OEM_TextBox.o
LOAD SRC\BSP\X_GUI_Arch\OS_Options\X_GUI_MicroKernel.o
LOAD SRC\BSP\X_GUI_Arch\Resource\xft_font\ASCII_12_1BPP.o
LOAD SRC\BSP\X_GUI_Arch\Resource\xft_font\ASCII_16_1BPP.o
LOAD SRC\BSP\X_GUI_Arch\Resource\xft_font\ASCII_16_4BPP.o
LOAD SRC\BSP\X_GUI_Arch\Resource\xft_font\ASCII_20_4BPP.o
LOAD SRC\BSP\X_GUI_Arch\Resource\xft_font\ASCII_24_4BPP.o
LOAD SRC\BSP\X_GUI_Arch\Resource\xft_font\ASCII_32_4BPP.o
LOAD SRC\BSP\X_GUI_Arch\Resource\xft_font\ASCII_40_4BPP.o
LOAD SRC\Module\APP_Loader.o
LOAD SRC\Module\CListMenu.o
LOAD SRC\Module\FileSystem\FatFS\src\diskio.o
LOAD SRC\Module\FileSystem\FatFS\src\ff.o
LOAD SRC\Module\FileSystem\FatFS\src\ffsystem.o
LOAD SRC\Module\FileSystem\FatFS\src\vfs_fatfs.o
LOAD SRC\Module\I2C_Master.o
LOAD SRC\Module\RES_MGR\Flash_Writer.o
LOAD SRC\Module\RES_MGR\RES_Maker.o
LOAD SRC\Module\SysApi\SysApiByName.o
START GROUP
LOAD d:/gd32/gd32f103/ziji/nucleistudio_ide_201908/toolchain/risc-v embedded gcc/8.2.0-2.2-20190521-0004/bin/../lib/gcc/riscv-none-embed/8.2.0\libgcc.a
LOAD d:/gd32/gd32f103/ziji/nucleistudio_ide_201908/toolchain/risc-v embedded gcc/8.2.0-2.2-20190521-0004/bin/../lib/gcc/riscv-none-embed/8.2.0/../../../../riscv-none-embed/lib\libc.a
LOAD d:/gd32/gd32f103/ziji/nucleistudio_ide_201908/toolchain/risc-v embedded gcc/8.2.0-2.2-20190521-0004/bin/../lib/gcc/riscv-none-embed/8.2.0/../../../../riscv-none-embed/lib\libm.a
LOAD D:\GD32\GD32F103\test_code\liuwei\emXGUI_GD32F103\Project\Eclipse_RISC-V\CPU_LIB\libGD32V1xx.a
LOAD D:\GD32\GD32F103\test_code\liuwei\emXGUI_GD32F103\Module\GCC_Lib\libx_libc_GCC_RV32.a
LOAD D:\GD32\GD32F103\test_code\liuwei\emXGUI_GD32F103\Module\GCC_Lib\libMicroKernel_GCC_RV32.a
LOAD D:\GD32\GD32F103\test_code\liuwei\emXGUI_GD32F103\Module\GCC_Lib\libEMXGUI_GCC_RV32.a
END GROUP
                0x0000000000000400                __stack_size = DEFINED (__stack_size)?__stack_size:0x400

.init           0x0000000008000000      0x254
 *(SORT_NONE(.init))
 .init          0x0000000008000000      0x254 SRC\BSP\Common\env_Eclipse\start.o
                0x000000000800015c                _start
                0x0000000008000244                disable_mcycle_minstret
                0x000000000800024c                enable_mcycle_minstret

.ilalign        0x0000000008000254        0x0
                0x0000000008000254                . = ALIGN (0x4)
                [!provide]                        PROVIDE (_ilm_lma = .)

.ialign         0x0000000008000254        0x0
                [!provide]                        PROVIDE (_ilm = .)

.text           0x0000000008000300    0x1d648
 *(.rodata .rodata.*)
 .rodata.GUI_DEMO_RectSpeed.str2.4
                0x0000000008000300       0x1e SRC\BSP\Board\YH_GD32V103\GUI_DEMO_RectSpeed.o
 *fill*         0x000000000800031e        0x2 
 .rodata.TouchDev_ADS7843
                0x0000000008000320       0x18 SRC\BSP\Board\YH_GD32V103\X_GUI_Drv\ADS7843.o
                0x0000000008000320                TouchDev_ADS7843
 .rodata.GUI_DesktopStartup.str2.4
                0x0000000008000338       0x10 SRC\BSP\Board\YH_GD32V103\X_GUI_Drv\GUI_Drv.o
 .rodata.desktop_proc.str2.4
                0x0000000008000348       0x1e SRC\BSP\Board\YH_GD32V103\X_GUI_Drv\GUI_Drv.o
 *fill*         0x0000000008000366        0x2 
 .rodata.__lcd_write_bits
                0x0000000008000368       0x1c SRC\BSP\Board\YH_GD32V103\X_GUI_Drv\ILI9341_16Bit.o
 .rodata.EXT_LCD_FillRect
                0x0000000008000384       0x1c SRC\BSP\Board\YH_GD32V103\X_GUI_Drv\ILI9341_16Bit.o
 .rodata.TouchPanel_CalibrationFinish.str1.4
                0x00000000080003a0       0x1f SRC\BSP\X_GUI_Arch\GUI_TouchPanel.o
 *fill*         0x00000000080003bf        0x1 
 .rodata.TouchPanel_CalibrationStart.str1.4
                0x00000000080003c0       0x1e SRC\BSP\X_GUI_Arch\GUI_TouchPanel.o
 *fill*         0x00000000080003de        0x2 
 .rodata.TouchPanel_CalibrationSucceed.str1.4
                0x00000000080003e0       0x20 SRC\BSP\X_GUI_Arch\GUI_TouchPanel.o
 .rodata.TouchScreenCalibrate.str1.4
                0x0000000008000400       0x1d SRC\BSP\X_GUI_Arch\GUI_TouchPanel_Calibration.o
 *fill*         0x000000000800041d        0x3 
 .rodata.TouchScreenCalibrate.str2.4
                0x0000000008000420       0x98 SRC\BSP\X_GUI_Arch\GUI_TouchPanel_Calibration.o
 .rodata.ASCII_16_4BPP
                0x00000000080004b8     0x58dc SRC\BSP\X_GUI_Arch\Resource\xft_font\ASCII_16_4BPP.o
                0x00000000080004b8                ASCII_16_4BPP
 *fill*         0x0000000008005d94        0x4 
 .rodata.f_jd   0x0000000008005d98       0x70 D:\GD32\GD32F103\test_code\liuwei\emXGUI_GD32F103\Module\GCC_Lib\libx_libc_GCC_RV32.a(x_stdlib.o)
 .rodata.radix_table
                0x0000000008005e08       0xa0 D:\GD32\GD32F103\test_code\liuwei\emXGUI_GD32F103\Module\GCC_Lib\libx_libc_GCC_RV32.a(x_wstring.o)
 .rodata._DrawArc.cst4
                0x0000000008005ea8        0x8 D:\GD32\GD32F103\test_code\liuwei\emXGUI_GD32F103\Module\GCC_Lib\libEMXGUI_GCC_RV32.a(GD_Arc.o)
 .rodata.DrawCircle.cst8
                0x0000000008005eb0        0x8 D:\GD32\GD32F103\test_code\liuwei\emXGUI_GD32F103\Module\GCC_Lib\libEMXGUI_GCC_RV32.a(GD_Circle.o)
 .rodata._Wu_DrawBoldLine.cst4
                0x0000000008005eb8        0x8 D:\GD32\GD32F103\test_code\liuwei\emXGUI_GD32F103\Module\GCC_Lib\libEMXGUI_GCC_RV32.a(GD_Line.o)
 .rodata.aSin   0x0000000008005ec0       0x22 D:\GD32\GD32F103\test_code\liuwei\emXGUI_GD32F103\Module\GCC_Lib\libEMXGUI_GCC_RV32.a(GD_Line.o)
 *fill*         0x0000000008005ee2        0x2 
 .rodata.aTan   0x0000000008005ee4       0x22 D:\GD32\GD32F103\test_code\liuwei\emXGUI_GD32F103\Module\GCC_Lib\libEMXGUI_GCC_RV32.a(GD_Line.o)
 .rodata.solid_line.cst8
                0x0000000008005f06        0x8 D:\GD32\GD32F103\test_code\liuwei\emXGUI_GD32F103\Module\GCC_Lib\libEMXGUI_GCC_RV32.a(GD_Line.o)
 *fill*         0x0000000008005f06        0x2 
 .rodata.DrawBitmap
                0x0000000008005f08       0x4c D:\GD32\GD32F103\test_code\liuwei\emXGUI_GD32F103\Module\GCC_Lib\libEMXGUI_GCC_RV32.a(GUI_Bitmap.o)
 .rodata.font_xft_ops
                0x0000000008005f54       0x14 D:\GD32\GD32F103\test_code\liuwei\emXGUI_GD32F103\Module\GCC_Lib\libEMXGUI_GCC_RV32.a(GUI_Font_XFT.o)
 .rodata.GUI_memset8_step
                0x0000000008005f68       0x1c D:\GD32\GD32F103\test_code\liuwei\emXGUI_GD32F103\Module\GCC_Lib\libEMXGUI_GCC_RV32.a(GUI_Libc.o)
 .rodata.GUI_memset16
                0x0000000008005f84       0x1c D:\GD32\GD32F103\test_code\liuwei\emXGUI_GD32F103\Module\GCC_Lib\libEMXGUI_GCC_RV32.a(GUI_Libc.o)
 .rodata.GUI_memset16_step
                0x0000000008005fa0       0x1c D:\GD32\GD32F103\test_code\liuwei\emXGUI_GD32F103\Module\GCC_Lib\libEMXGUI_GCC_RV32.a(GUI_Libc.o)
 .rodata.GUI_memset32
                0x0000000008005fbc       0x1c D:\GD32\GD32F103\test_code\liuwei\emXGUI_GD32F103\Module\GCC_Lib\libEMXGUI_GCC_RV32.a(GUI_Libc.o)
 .rodata.GUI_memset32_step
                0x0000000008005fd8       0x1c D:\GD32\GD32F103\test_code\liuwei\emXGUI_GD32F103\Module\GCC_Lib\libEMXGUI_GCC_RV32.a(GUI_Libc.o)
 .rodata.GUI_CreateSurface
                0x0000000008005ff4       0x24 D:\GD32\GD32F103\test_code\liuwei\emXGUI_GD32F103\Module\GCC_Lib\libEMXGUI_GCC_RV32.a(X_GUI.o)
 .rodata.GUI_RectLL_Alloc.str1.4
                0x0000000008006018       0x12 D:\GD32\GD32F103\test_code\liuwei\emXGUI_GD32F103\Module\GCC_Lib\libEMXGUI_GCC_RV32.a(X_GUI.o)
 *fill*         0x000000000800602a        0x2 
 .rodata.X_GUI_Init.str1.4
                0x000000000800602c       0x98 D:\GD32\GD32F103\test_code\liuwei\emXGUI_GD32F103\Module\GCC_Lib\libEMXGUI_GCC_RV32.a(X_GUI.o)
                                         0x95 (size before relaxing)
 .rodata.GL_BitBlt
                0x00000000080060c4       0x20 D:\GD32\GD32F103\test_code\liuwei\emXGUI_GD32F103\Module\GCC_Lib\libEMXGUI_GCC_RV32.a(GL_Bitblt.o)
 .rodata.cursor_bitmap_16x20
                0x00000000080060e4      0x140 D:\GD32\GD32F103\test_code\liuwei\emXGUI_GD32F103\Module\GCC_Lib\libEMXGUI_GCC_RV32.a(GL_Cursor.o)
 .rodata.__draw_bitmap_AL1
                0x0000000008006224       0x1c D:\GD32\GD32F103\test_code\liuwei\emXGUI_GD32F103\Module\GCC_Lib\libEMXGUI_GCC_RV32.a(GL_EXT_LCD_16Bit.o)
 .rodata.__draw_bitmap_LUT1
                0x0000000008006240       0x1c D:\GD32\GD32F103\test_code\liuwei\emXGUI_GD32F103\Module\GCC_Lib\libEMXGUI_GCC_RV32.a(GL_EXT_LCD_16Bit.o)
 .rodata.AL4_8_Tbl
                0x000000000800625c       0x10 D:\GD32\GD32F103\test_code\liuwei\emXGUI_GD32F103\Module\GCC_Lib\libEMXGUI_GCC_RV32.a(GL_EXT_LCD_16Bit.o)
 .rodata.__rotate_bitmap.cst4
                0x000000000800626c        0x8 D:\GD32\GD32F103\test_code\liuwei\emXGUI_GD32F103\Module\GCC_Lib\libEMXGUI_GCC_RV32.a(GL_EXT_LCD_16Bit.o)
                                          0xc (size before relaxing)
 .rodata.__draw_bitmap_LUT1
                0x0000000008006274       0x1c D:\GD32\GD32F103\test_code\liuwei\emXGUI_GD32F103\Module\GCC_Lib\libEMXGUI_GCC_RV32.a(GL_MEM_16BPP.o)
 .rodata.__draw_bitmap_AL1
                0x0000000008006290       0x1c D:\GD32\GD32F103\test_code\liuwei\emXGUI_GD32F103\Module\GCC_Lib\libEMXGUI_GCC_RV32.a(GL_MEM_16BPP.o)
 .rodata.AL4_8_Tbl
                0x00000000080062ac       0x10 D:\GD32\GD32F103\test_code\liuwei\emXGUI_GD32F103\Module\GCC_Lib\libEMXGUI_GCC_RV32.a(GL_MEM_16BPP.o)
 .rodata.__rotate_bitmap.cst4
                0x00000000080062bc        0xc D:\GD32\GD32F103\test_code\liuwei\emXGUI_GD32F103\Module\GCC_Lib\libEMXGUI_GCC_RV32.a(GL_MEM_16BPP.o)
 .rodata.__draw_bitmap_LUT1
                0x00000000080062bc       0x1c D:\GD32\GD32F103\test_code\liuwei\emXGUI_GD32F103\Module\GCC_Lib\libEMXGUI_GCC_RV32.a(GL_MEM_32BPP.o)
 .rodata.__draw_bitmap_AL1
                0x00000000080062d8       0x1c D:\GD32\GD32F103\test_code\liuwei\emXGUI_GD32F103\Module\GCC_Lib\libEMXGUI_GCC_RV32.a(GL_MEM_32BPP.o)
 .rodata.AL4_8_Tbl
                0x00000000080062f4       0x10 D:\GD32\GD32F103\test_code\liuwei\emXGUI_GD32F103\Module\GCC_Lib\libEMXGUI_GCC_RV32.a(GL_MEM_32BPP.o)
 .rodata.__rotate_bitmap.cst4
                0x0000000008006304        0xc D:\GD32\GD32F103\test_code\liuwei\emXGUI_GD32F103\Module\GCC_Lib\libEMXGUI_GCC_RV32.a(GL_MEM_32BPP.o)
 .rodata.GL8_draw_bitmap_LUT1
                0x0000000008006304       0x1c D:\GD32\GD32F103\test_code\liuwei\emXGUI_GD32F103\Module\GCC_Lib\libEMXGUI_GCC_RV32.a(GL_MEM_8BPP.o)
 .rodata.GL8_draw_bitmap_AL1
                0x0000000008006320       0x1c D:\GD32\GD32F103\test_code\liuwei\emXGUI_GD32F103\Module\GCC_Lib\libEMXGUI_GCC_RV32.a(GL_MEM_8BPP.o)
 *fill*         0x000000000800633c        0x4 
 .rodata.GL8_rotate_bitmap.cst8
                0x0000000008006340       0x18 D:\GD32\GD32F103\test_code\liuwei\emXGUI_GD32F103\Module\GCC_Lib\libEMXGUI_GCC_RV32.a(GL_MEM_8BPP.o)
 .rodata._GetWindow
                0x0000000008006358       0x20 D:\GD32\GD32F103\test_code\liuwei\emXGUI_GD32F103\Module\GCC_Lib\libEMXGUI_GCC_RV32.a(GUI_Window.o)
 .rodata.GetWindowLong
                0x0000000008006378       0x24 D:\GD32\GD32F103\test_code\liuwei\emXGUI_GD32F103\Module\GCC_Lib\libEMXGUI_GCC_RV32.a(GUI_Window.o)
 .rodata.ShowWindow
                0x000000000800639c       0x28 D:\GD32\GD32F103\test_code\liuwei\emXGUI_GD32F103\Module\GCC_Lib\libEMXGUI_GCC_RV32.a(GUI_Window.o)
 .rodata.ARGB4444_ColorConvert
                0x00000000080063c4       0x34 D:\GD32\GD32F103\test_code\liuwei\emXGUI_GD32F103\Module\GCC_Lib\libEMXGUI_GCC_RV32.a(Surface_ARGB4444.o)
                0x00000000080063c4                ARGB4444_ColorConvert
 .rodata.ARGB8888_ColorConvert
                0x00000000080063f8       0x34 D:\GD32\GD32F103\test_code\liuwei\emXGUI_GD32F103\Module\GCC_Lib\libEMXGUI_GCC_RV32.a(Surface_ARGB8888.o)
                0x00000000080063f8                ARGB8888_ColorConvert
 .rodata.RGB332_ColorConvert
                0x000000000800642c       0x34 D:\GD32\GD32F103\test_code\liuwei\emXGUI_GD32F103\Module\GCC_Lib\libEMXGUI_GCC_RV32.a(Surface_RGB332.o)
                0x000000000800642c                RGB332_ColorConvert
 .rodata.RGB565_ColorConvert
                0x0000000008006460       0x34 D:\GD32\GD32F103\test_code\liuwei\emXGUI_GD32F103\Module\GCC_Lib\libEMXGUI_GCC_RV32.a(Surface_RGB565.o)
                0x0000000008006460                RGB565_ColorConvert
 .rodata.XRGB8888_ColorConvert
                0x0000000008006494       0x34 D:\GD32\GD32F103\test_code\liuwei\emXGUI_GD32F103\Module\GCC_Lib\libEMXGUI_GCC_RV32.a(Surface_XRGB8888.o)
                0x0000000008006494                XRGB8888_ColorConvert
 .rodata.__divdf3
                0x00000000080064c8       0x40 d:/gd32/gd32f103/ziji/nucleistudio_ide_201908/toolchain/risc-v embedded gcc/8.2.0-2.2-20190521-0004/bin/../lib/gcc/riscv-none-embed/8.2.0\libgcc.a(divdf3.o)
 .rodata.__muldf3
                0x0000000008006508       0x40 d:/gd32/gd32f103/ziji/nucleistudio_ide_201908/toolchain/risc-v embedded gcc/8.2.0-2.2-20190521-0004/bin/../lib/gcc/riscv-none-embed/8.2.0\libgcc.a(muldf3.o)
 .rodata.__divsf3
                0x0000000008006548       0x80 d:/gd32/gd32f103/ziji/nucleistudio_ide_201908/toolchain/risc-v embedded gcc/8.2.0-2.2-20190521-0004/bin/../lib/gcc/riscv-none-embed/8.2.0\libgcc.a(divsf3.o)
 .rodata.__mulsf3
                0x00000000080065c8       0x40 d:/gd32/gd32f103/ziji/nucleistudio_ide_201908/toolchain/risc-v embedded gcc/8.2.0-2.2-20190521-0004/bin/../lib/gcc/riscv-none-embed/8.2.0\libgcc.a(mulsf3.o)
 .rodata.__clz_tab
                0x0000000008006608      0x100 d:/gd32/gd32f103/ziji/nucleistudio_ide_201908/toolchain/risc-v embedded gcc/8.2.0-2.2-20190521-0004/bin/../lib/gcc/riscv-none-embed/8.2.0\libgcc.a(_clz.o)
                0x0000000008006608                __clz_tab
 .rodata.ceil.cst8
                0x0000000008006708        0x8 d:/gd32/gd32f103/ziji/nucleistudio_ide_201908/toolchain/risc-v embedded gcc/8.2.0-2.2-20190521-0004/bin/../lib/gcc/riscv-none-embed/8.2.0/../../../../riscv-none-embed/lib\libm.a(lib_a-s_ceil.o)
 .rodata.floor.cst8
                0x0000000008006710        0x8 d:/gd32/gd32f103/ziji/nucleistudio_ide_201908/toolchain/risc-v embedded gcc/8.2.0-2.2-20190521-0004/bin/../lib/gcc/riscv-none-embed/8.2.0/../../../../riscv-none-embed/lib\libm.a(lib_a-s_floor.o)
 .rodata.__ieee754_rem_pio2.cst8
                0x0000000008006710       0x40 d:/gd32/gd32f103/ziji/nucleistudio_ide_201908/toolchain/risc-v embedded gcc/8.2.0-2.2-20190521-0004/bin/../lib/gcc/riscv-none-embed/8.2.0/../../../../riscv-none-embed/lib\libm.a(lib_a-e_rem_pio2.o)
                                         0x48 (size before relaxing)
 .rodata.npio2_hw
                0x0000000008006750       0x80 d:/gd32/gd32f103/ziji/nucleistudio_ide_201908/toolchain/risc-v embedded gcc/8.2.0-2.2-20190521-0004/bin/../lib/gcc/riscv-none-embed/8.2.0/../../../../riscv-none-embed/lib\libm.a(lib_a-e_rem_pio2.o)
 .rodata.two_over_pi
                0x00000000080067d0      0x108 d:/gd32/gd32f103/ziji/nucleistudio_ide_201908/toolchain/risc-v embedded gcc/8.2.0-2.2-20190521-0004/bin/../lib/gcc/riscv-none-embed/8.2.0/../../../../riscv-none-embed/lib\libm.a(lib_a-e_rem_pio2.o)
 .rodata.__kernel_cos.cst8
                0x00000000080068d8       0x48 d:/gd32/gd32f103/ziji/nucleistudio_ide_201908/toolchain/risc-v embedded gcc/8.2.0-2.2-20190521-0004/bin/../lib/gcc/riscv-none-embed/8.2.0/../../../../riscv-none-embed/lib\libm.a(lib_a-k_cos.o)
                                         0x50 (size before relaxing)
 .rodata.PIo2   0x0000000008006920       0x40 d:/gd32/gd32f103/ziji/nucleistudio_ide_201908/toolchain/risc-v embedded gcc/8.2.0-2.2-20190521-0004/bin/../lib/gcc/riscv-none-embed/8.2.0/../../../../riscv-none-embed/lib\libm.a(lib_a-k_rem_pio2.o)
 .rodata.__kernel_rem_pio2.cst8
                0x0000000008006960       0x20 d:/gd32/gd32f103/ziji/nucleistudio_ide_201908/toolchain/risc-v embedded gcc/8.2.0-2.2-20190521-0004/bin/../lib/gcc/riscv-none-embed/8.2.0/../../../../riscv-none-embed/lib\libm.a(lib_a-k_rem_pio2.o)
                                         0x38 (size before relaxing)
 .rodata.init_jk
                0x0000000008006980       0x10 d:/gd32/gd32f103/ziji/nucleistudio_ide_201908/toolchain/risc-v embedded gcc/8.2.0-2.2-20190521-0004/bin/../lib/gcc/riscv-none-embed/8.2.0/../../../../riscv-none-embed/lib\libm.a(lib_a-k_rem_pio2.o)
 .rodata.__kernel_sin.cst8
                0x0000000008006990       0x30 d:/gd32/gd32f103/ziji/nucleistudio_ide_201908/toolchain/risc-v embedded gcc/8.2.0-2.2-20190521-0004/bin/../lib/gcc/riscv-none-embed/8.2.0/../../../../riscv-none-embed/lib\libm.a(lib_a-k_sin.o)
                                         0x38 (size before relaxing)
 .rodata.scalbn.cst8
                0x00000000080069c0       0x18 d:/gd32/gd32f103/ziji/nucleistudio_ide_201908/toolchain/risc-v embedded gcc/8.2.0-2.2-20190521-0004/bin/../lib/gcc/riscv-none-embed/8.2.0/../../../../riscv-none-embed/lib\libm.a(lib_a-s_scalbn.o)
                                         0x20 (size before relaxing)
 *(.text.unlikely .text.unlikely.*)
 *(.text.startup .text.startup.*)
 .text.startup.main
                0x00000000080069d8       0x74 SRC\BSP\Board\YH_GD32V103\Board_Main.o
                0x00000000080069d8                main
 .text.startup.register_fini
                0x0000000008006a4c       0x18 d:/gd32/gd32f103/ziji/nucleistudio_ide_201908/toolchain/risc-v embedded gcc/8.2.0-2.2-20190521-0004/bin/../lib/gcc/riscv-none-embed/8.2.0/../../../../riscv-none-embed/lib\libc.a(lib_a-__call_atexit.o)
 *(.text .text.*)
 .text.task1    0x0000000008006a64       0x2c SRC\BSP\Board\YH_GD32V103\Board_Main.o
 .text.delay.constprop.0
                0x0000000008006a90       0x48 SRC\BSP\Board\YH_GD32V103\Board_Main.o
 .text.LED1_ON  0x0000000008006ad8       0x10 SRC\BSP\Board\YH_GD32V103\Board_Main.o
                0x0000000008006ad8                LED1_ON
 .text.LED1_OFF
                0x0000000008006ae8       0x10 SRC\BSP\Board\YH_GD32V103\Board_Main.o
                0x0000000008006ae8                LED1_OFF
 .text.led_test_0
                0x0000000008006af8       0x74 SRC\BSP\Board\YH_GD32V103\Board_Main.o
                0x0000000008006af8                led_test_0
 .text.led_test
                0x0000000008006b6c       0x5c SRC\BSP\Board\YH_GD32V103\Board_Main.o
                0x0000000008006b6c                led_test
 .text.task2    0x0000000008006bc8       0x20 SRC\BSP\Board\YH_GD32V103\Board_Main.o
 .text.GUI_AppStartup
                0x0000000008006be8       0x4c SRC\BSP\Board\YH_GD32V103\Board_Main.o
                0x0000000008006be8                GUI_AppStartup
 .text.vmalloc  0x0000000008006c34       0x10 SRC\BSP\Board\YH_GD32V103\Board_Mem.o
                0x0000000008006c34                vmalloc
 .text.vfree    0x0000000008006c44       0x10 SRC\BSP\Board\YH_GD32V103\Board_Mem.o
                0x0000000008006c44                vfree
 .text.Board_MemInit
                0x0000000008006c54       0x1c SRC\BSP\Board\YH_GD32V103\Board_Mem.o
                0x0000000008006c54                Board_MemInit
 .text.exmc_lcd_init
                0x0000000008006c70      0x110 SRC\BSP\Board\YH_GD32V103\Board_Misc.o
                0x0000000008006c70                exmc_lcd_init
 .text.GUI_DEMO_RectSpeed
                0x0000000008006d80      0x310 SRC\BSP\Board\YH_GD32V103\GUI_DEMO_RectSpeed.o
                0x0000000008006d80                GUI_DEMO_RectSpeed
 .text.delay_us
                0x0000000008007090       0x44 SRC\BSP\Board\YH_GD32V103\X_GUI_Drv\ADS7843.o
 .text.ADS7843_ReadAD
                0x00000000080070d4      0x1a0 SRC\BSP\Board\YH_GD32V103\X_GUI_Drv\ADS7843.o
 .text.GetState
                0x0000000008007274       0x20 SRC\BSP\Board\YH_GD32V103\X_GUI_Drv\ADS7843.o
 .text.LoadCfg  0x0000000008007294        0x4 SRC\BSP\Board\YH_GD32V103\X_GUI_Drv\ADS7843.o
 .text.SaveCfg  0x0000000008007298        0x8 SRC\BSP\Board\YH_GD32V103\X_GUI_Drv\ADS7843.o
 .text.Init     0x00000000080072a0       0xa4 SRC\BSP\Board\YH_GD32V103\X_GUI_Drv\ADS7843.o
 .text.InsertSort.constprop.1
                0x0000000008007344       0x60 SRC\BSP\Board\YH_GD32V103\X_GUI_Drv\ADS7843.o
 .text.GetSample
                0x00000000080073a4       0xd8 SRC\BSP\Board\YH_GD32V103\X_GUI_Drv\ADS7843.o
 .text.GetPoint
                0x000000000800747c       0x1c SRC\BSP\Board\YH_GD32V103\X_GUI_Drv\ADS7843.o
 .text.LCD_HardInit
                0x0000000008007498       0xac SRC\BSP\Board\YH_GD32V103\X_GUI_Drv\DisplayDev.o
                0x0000000008007498                LCD_HardInit
 .text.LCD_BkLight
                0x0000000008007544       0x20 SRC\BSP\Board\YH_GD32V103\X_GUI_Drv\DisplayDev.o
                0x0000000008007544                LCD_BkLight
 .text.GUI_LowLevelInit
                0x0000000008007564        0x8 SRC\BSP\Board\YH_GD32V103\X_GUI_Drv\GUI_Drv.o
                0x0000000008007564                GUI_LowLevelInit
 .text.GUI_DisplayInit
                0x000000000800756c      0x1f0 SRC\BSP\Board\YH_GD32V103\X_GUI_Drv\GUI_Drv.o
                0x000000000800756c                GUI_DisplayInit
 .text.GUI_InputInit
                0x000000000800775c       0x30 SRC\BSP\Board\YH_GD32V103\X_GUI_Drv\GUI_Drv.o
                0x000000000800775c                GUI_InputInit
 .text.desktop_proc
                0x000000000800778c      0x184 SRC\BSP\Board\YH_GD32V103\X_GUI_Drv\GUI_Drv.o
 .text.GUI_MEM_Alloc
                0x0000000008007910        0x4 SRC\BSP\Board\YH_GD32V103\X_GUI_Drv\GUI_Drv.o
                0x0000000008007910                GUI_MEM_Alloc
 .text.GUI_MEM_Free
                0x0000000008007914        0x4 SRC\BSP\Board\YH_GD32V103\X_GUI_Drv\GUI_Drv.o
                0x0000000008007914                GUI_MEM_Free
 .text.GUI_GRAM_Alloc
                0x0000000008007918        0x4 SRC\BSP\Board\YH_GD32V103\X_GUI_Drv\GUI_Drv.o
                0x0000000008007918                GUI_GRAM_Alloc
 .text.GUI_GRAM_Free
                0x000000000800791c        0x4 SRC\BSP\Board\YH_GD32V103\X_GUI_Drv\GUI_Drv.o
                0x000000000800791c                GUI_GRAM_Free
 .text.GUI_Printf
                0x0000000008007920       0x28 SRC\BSP\Board\YH_GD32V103\X_GUI_Drv\GUI_Drv.o
                0x0000000008007920                GUI_Printf
 .text.GUI_FontInit
                0x0000000008007948        0xc SRC\BSP\Board\YH_GD32V103\X_GUI_Drv\GUI_Drv.o
                0x0000000008007948                GUI_FontInit
 .text.gui_app_thread
                0x0000000008007954       0x34 SRC\BSP\Board\YH_GD32V103\X_GUI_Drv\GUI_Drv.o
                0x0000000008007954                gui_app_thread
 .text.GUI_DesktopStartup
                0x0000000008007988       0xd0 SRC\BSP\Board\YH_GD32V103\X_GUI_Drv\GUI_Drv.o
                0x0000000008007988                GUI_DesktopStartup
 .text.__lcd_write_start
                0x0000000008007a58       0x54 SRC\BSP\Board\YH_GD32V103\X_GUI_Drv\ILI9341_16Bit.o
 .text.__lcd_read_start
                0x0000000008007aac       0x94 SRC\BSP\Board\YH_GD32V103\X_GUI_Drv\ILI9341_16Bit.o
 .text.__lcd_read_pixel
                0x0000000008007b40       0x34 SRC\BSP\Board\YH_GD32V103\X_GUI_Drv\ILI9341_16Bit.o
 .text.__lcd_write_bits
                0x0000000008007b74       0xb8 SRC\BSP\Board\YH_GD32V103\X_GUI_Drv\ILI9341_16Bit.o
 .text.macDEBUG_DELAY
                0x0000000008007c2c       0x44 SRC\BSP\Board\YH_GD32V103\X_GUI_Drv\ILI9341_16Bit.o
 .text.EXT_LCD_WriteStart
                0x0000000008007c70        0x4 SRC\BSP\Board\YH_GD32V103\X_GUI_Drv\ILI9341_16Bit.o
                0x0000000008007c70                EXT_LCD_WriteStart
 .text.EXT_LCD_ReadStart
                0x0000000008007c74        0x4 SRC\BSP\Board\YH_GD32V103\X_GUI_Drv\ILI9341_16Bit.o
                0x0000000008007c74                EXT_LCD_ReadStart
 .text.EXT_LCD_WritePixel
                0x0000000008007c78        0xc SRC\BSP\Board\YH_GD32V103\X_GUI_Drv\ILI9341_16Bit.o
                0x0000000008007c78                EXT_LCD_WritePixel
 .text.EXT_LCD_WriteRGB
                0x0000000008007c84       0x28 SRC\BSP\Board\YH_GD32V103\X_GUI_Drv\ILI9341_16Bit.o
                0x0000000008007c84                EXT_LCD_WriteRGB
 .text.EXT_LCD_ReadPixel
                0x0000000008007cac        0x4 SRC\BSP\Board\YH_GD32V103\X_GUI_Drv\ILI9341_16Bit.o
                0x0000000008007cac                EXT_LCD_ReadPixel
 .text.EXT_LCD_ReadRGB
                0x0000000008007cb0       0x2c SRC\BSP\Board\YH_GD32V103\X_GUI_Drv\ILI9341_16Bit.o
                0x0000000008007cb0                EXT_LCD_ReadRGB
 .text.EXT_LCD_FillRect
                0x0000000008007cdc       0xd0 SRC\BSP\Board\YH_GD32V103\X_GUI_Drv\ILI9341_16Bit.o
                0x0000000008007cdc                EXT_LCD_FillRect
 .text.EXT_LCD_ReadBits
                0x0000000008007dac       0xe8 SRC\BSP\Board\YH_GD32V103\X_GUI_Drv\ILI9341_16Bit.o
                0x0000000008007dac                EXT_LCD_ReadBits
 .text.EXT_LCD_WriteBits
                0x0000000008007e94       0xd8 SRC\BSP\Board\YH_GD32V103\X_GUI_Drv\ILI9341_16Bit.o
                0x0000000008007e94                EXT_LCD_WriteBits
 .text.LCD_Init
                0x0000000008007f6c      0x310 SRC\BSP\Board\YH_GD32V103\X_GUI_Drv\ILI9341_16Bit.o
                0x0000000008007f6c                LCD_Init
 .text._exit    0x000000000800827c        0x4 SRC\BSP\Board\YH_GD32V103\__c_retarget.o
                0x000000000800827c                _exit
 .text.SystemInit
                0x0000000008008280      0x1b0 SRC\BSP\Board\YH_GD32V103\system_gd32vf103.o
                0x0000000008008280                SystemInit
 .text.SystemCoreClockUpdate
                0x0000000008008430      0x110 SRC\BSP\Board\YH_GD32V103\system_gd32vf103.o
                0x0000000008008430                SystemCoreClockUpdate
 .text.handle_nmi
                0x0000000008008540        0x8 SRC\BSP\Common\env_Eclipse\handlers.o
                0x0000000008008540                handle_nmi
 .text.handle_trap
                0x0000000008008548       0x30 SRC\BSP\Common\env_Eclipse\handlers.o
                0x0000000008008548                handle_trap
 .text._init    0x0000000008008578       0x24 SRC\BSP\Common\env_Eclipse\init.o
                0x0000000008008578                _init
 .text._fini    0x000000000800859c        0x4 SRC\BSP\Common\env_Eclipse\init.o
                0x000000000800859c                _fini
 *fill*         0x00000000080085a0       0x60 
 .text          0x0000000008008600      0x48c SRC\BSP\OS_Arch\arch_MicroKernel_GCC.o
                0x0000000008008600                HAL_EnterCritical
                0x000000000800860c                HAL_ExitCritical
                0x0000000008008640                trap_entry
                0x0000000008008780                irq_entry
                0x00000000080088c0                task_switch
                0x0000000008008910                cpu_sr_set
                0x000000000800891c                cpu_sr_reset
                0x0000000008008924                HAL_SchedulerStartup
                0x00000000080089b4                HAL_ContexSwitch
 .text.HAL_StackInit
                0x0000000008008a8c       0xf0 SRC\BSP\OS_Arch\arch_MicroKernel_c.o
                0x0000000008008a8c                HAL_StackInit
 .text.HAL_ContexSwitchInISR
                0x0000000008008b7c       0x10 SRC\BSP\OS_Arch\arch_MicroKernel_c.o
                0x0000000008008b7c                HAL_ContexSwitchInISR
 .text.HAL_TimeToTicks
                0x0000000008008b8c       0x24 SRC\BSP\OS_Arch\arch_MicroKernel_c.o
                0x0000000008008b8c                HAL_TimeToTicks
 .text.TIMER1_IRQHandler
                0x0000000008008bb0       0x34 SRC\BSP\OS_Arch\arch_MicroKernel_c.o
                0x0000000008008bb0                TIMER1_IRQHandler
 .text.Hook_TaskSW
                0x0000000008008be4        0x4 SRC\BSP\OS_Arch\arch_MicroKernel_c.o
                0x0000000008008be4                Hook_TaskSW
 .text.Hook_IsrEnter
                0x0000000008008be8        0x4 SRC\BSP\OS_Arch\arch_MicroKernel_c.o
                0x0000000008008be8                Hook_IsrEnter
 .text.Hook_IsrExit
                0x0000000008008bec        0x4 SRC\BSP\OS_Arch\arch_MicroKernel_c.o
                0x0000000008008bec                Hook_IsrExit
 .text.Hook_IdleThreadStart
                0x0000000008008bf0       0x8c SRC\BSP\OS_Arch\arch_MicroKernel_c.o
                0x0000000008008bf0                Hook_IdleThreadStart
 .text.Hook_IdleThreadLoop
                0x0000000008008c7c        0x4 SRC\BSP\OS_Arch\arch_MicroKernel_c.o
                0x0000000008008c7c                Hook_IdleThreadLoop
 .text.GUI_Startup
                0x0000000008008c80       0x70 SRC\BSP\X_GUI_Arch\GUI_Arch.o
                0x0000000008008c80                GUI_Startup
 .text.GPU_CopyBits
                0x0000000008008cf0        0x8 SRC\BSP\X_GUI_Arch\GUI_GPU.o
                0x0000000008008cf0                GPU_CopyBits
 .text.GPU_FillRect
                0x0000000008008cf8        0x8 SRC\BSP\X_GUI_Arch\GUI_GPU.o
                0x0000000008008cf8                GPU_FillRect
 .text.GPU_FillRectARGB
                0x0000000008008d00        0x8 SRC\BSP\X_GUI_Arch\GUI_GPU.o
                0x0000000008008d00                GPU_FillRectARGB
 .text.GPU_DrawBitmap
                0x0000000008008d08        0x8 SRC\BSP\X_GUI_Arch\GUI_GPU.o
                0x0000000008008d08                GPU_DrawBitmap
 .text.GPU_ScaleBitmap
                0x0000000008008d10        0x8 SRC\BSP\X_GUI_Arch\GUI_GPU.o
                0x0000000008008d10                GPU_ScaleBitmap
 .text.check_touch_screen_swap.constprop.0
                0x0000000008008d18       0x4c SRC\BSP\X_GUI_Arch\GUI_TouchPanel.o
 .text.TouchPanel_TranslateInit
                0x0000000008008d64       0x28 SRC\BSP\X_GUI_Arch\GUI_TouchPanel.o
                0x0000000008008d64                TouchPanel_TranslateInit
 .text.TouchPanel_TranslatePoint
                0x0000000008008d8c       0xbc SRC\BSP\X_GUI_Arch\GUI_TouchPanel.o
                0x0000000008008d8c                TouchPanel_TranslatePoint
 .text.TouchPanel_SetCalibrationSample
                0x0000000008008e48       0x9c SRC\BSP\X_GUI_Arch\GUI_TouchPanel.o
                0x0000000008008e48                TouchPanel_SetCalibrationSample
 .text.TouchPanel_GetCalibrationPoints
                0x0000000008008ee4       0x78 SRC\BSP\X_GUI_Arch\GUI_TouchPanel.o
                0x0000000008008ee4                TouchPanel_GetCalibrationPoints
 .text.TouchPanel_CalibrationStart
                0x0000000008008f5c       0x24 SRC\BSP\X_GUI_Arch\GUI_TouchPanel.o
                0x0000000008008f5c                TouchPanel_CalibrationStart
 .text.TouchPanel_CalibrationFinish
                0x0000000008008f80       0x84 SRC\BSP\X_GUI_Arch\GUI_TouchPanel.o
                0x0000000008008f80                TouchPanel_CalibrationFinish
 .text.TouchDev_Init
                0x0000000008009004       0x3c SRC\BSP\X_GUI_Arch\GUI_TouchPanel.o
                0x0000000008009004                TouchDev_Init
 .text.TouchDev_GetAction
                0x0000000008009040       0x84 SRC\BSP\X_GUI_Arch\GUI_TouchPanel.o
                0x0000000008009040                TouchDev_GetAction
 .text.TouchDev_GetSample
                0x00000000080090c4       0x10 SRC\BSP\X_GUI_Arch\GUI_TouchPanel.o
                0x00000000080090c4                TouchDev_GetSample
 .text.TouchDev_GetPoint
                0x00000000080090d4       0x10 SRC\BSP\X_GUI_Arch\GUI_TouchPanel.o
                0x00000000080090d4                TouchDev_GetPoint
 .text.TouchDev_LoadCfg
                0x00000000080090e4       0x10 SRC\BSP\X_GUI_Arch\GUI_TouchPanel.o
                0x00000000080090e4                TouchDev_LoadCfg
 .text.TouchDev_SaveCfg
                0x00000000080090f4       0x10 SRC\BSP\X_GUI_Arch\GUI_TouchPanel.o
                0x00000000080090f4                TouchDev_SaveCfg
 .text.TouchPanel_CalibrationSucceed
                0x0000000008009104       0x30 SRC\BSP\X_GUI_Arch\GUI_TouchPanel.o
                0x0000000008009104                TouchPanel_CalibrationSucceed
 .text.TouchDev_Handler
                0x0000000008009134       0x54 SRC\BSP\X_GUI_Arch\GUI_TouchPanel.o
                0x0000000008009134                TouchDev_Handler
 .text.draw_cursor
                0x0000000008009188       0xa0 SRC\BSP\X_GUI_Arch\GUI_TouchPanel_Calibration.o
 .text.TouchScreenCalibrate
                0x0000000008009228      0x428 SRC\BSP\X_GUI_Arch\GUI_TouchPanel_Calibration.o
                0x0000000008009228                TouchScreenCalibrate
 .text.GUI_MutexCreate
                0x0000000008009650       0x34 SRC\BSP\X_GUI_Arch\OS_Options\X_GUI_MicroKernel.o
                0x0000000008009650                GUI_MutexCreate
 .text.GUI_MutexLock
                0x0000000008009684       0x1c SRC\BSP\X_GUI_Arch\OS_Options\X_GUI_MicroKernel.o
                0x0000000008009684                GUI_MutexLock
 .text.GUI_MutexUnlock
                0x00000000080096a0        0x4 SRC\BSP\X_GUI_Arch\OS_Options\X_GUI_MicroKernel.o
                0x00000000080096a0                GUI_MutexUnlock
 .text.GUI_MutexDelete
                0x00000000080096a4       0x28 SRC\BSP\X_GUI_Arch\OS_Options\X_GUI_MicroKernel.o
                0x00000000080096a4                GUI_MutexDelete
 .text.GUI_SemCreate
                0x00000000080096cc       0x4c SRC\BSP\X_GUI_Arch\OS_Options\X_GUI_MicroKernel.o
                0x00000000080096cc                GUI_SemCreate
 .text.GUI_SemWait
                0x0000000008009718       0x1c SRC\BSP\X_GUI_Arch\OS_Options\X_GUI_MicroKernel.o
                0x0000000008009718                GUI_SemWait
 .text.GUI_SemPost
                0x0000000008009734        0x4 SRC\BSP\X_GUI_Arch\OS_Options\X_GUI_MicroKernel.o
                0x0000000008009734                GUI_SemPost
 .text.GUI_SemDelete
                0x0000000008009738       0x28 SRC\BSP\X_GUI_Arch\OS_Options\X_GUI_MicroKernel.o
                0x0000000008009738                GUI_SemDelete
 .text.GUI_GetCurThreadHandle
                0x0000000008009760        0x4 SRC\BSP\X_GUI_Arch\OS_Options\X_GUI_MicroKernel.o
                0x0000000008009760                GUI_GetCurThreadHandle
 .text.GUI_GetTickCount
                0x0000000008009764        0x8 SRC\BSP\X_GUI_Arch\OS_Options\X_GUI_MicroKernel.o
                0x0000000008009764                GUI_GetTickCount
 .text.GUI_Yield
                0x000000000800976c        0x8 SRC\BSP\X_GUI_Arch\OS_Options\X_GUI_MicroKernel.o
                0x000000000800976c                GUI_Yield
 .text.GUI_msleep
                0x0000000008009774        0x4 SRC\BSP\X_GUI_Arch\OS_Options\X_GUI_MicroKernel.o
                0x0000000008009774                GUI_msleep
 .text.atexit   0x0000000008009778        0xa d:/gd32/gd32f103/ziji/nucleistudio_ide_201908/toolchain/risc-v embedded gcc/8.2.0-2.2-20190521-0004/bin/../lib/gcc/riscv-none-embed/8.2.0/../../../../riscv-none-embed/lib\libc.a(lib_a-atexit.o)
                0x0000000008009778                atexit
 .text.exit     0x0000000008009782       0x22 d:/gd32/gd32f103/ziji/nucleistudio_ide_201908/toolchain/risc-v embedded gcc/8.2.0-2.2-20190521-0004/bin/../lib/gcc/riscv-none-embed/8.2.0/../../../../riscv-none-embed/lib\libc.a(lib_a-exit.o)
                0x0000000008009782                exit
 .text.__libc_fini_array
                0x00000000080097a4       0x3c d:/gd32/gd32f103/ziji/nucleistudio_ide_201908/toolchain/risc-v embedded gcc/8.2.0-2.2-20190521-0004/bin/../lib/gcc/riscv-none-embed/8.2.0/../../../../riscv-none-embed/lib\libc.a(lib_a-fini.o)
                0x00000000080097a4                __libc_fini_array
 .text.__libc_init_array
                0x00000000080097e0       0x6e d:/gd32/gd32f103/ziji/nucleistudio_ide_201908/toolchain/risc-v embedded gcc/8.2.0-2.2-20190521-0004/bin/../lib/gcc/riscv-none-embed/8.2.0/../../../../riscv-none-embed/lib\libc.a(lib_a-init.o)
                0x00000000080097e0                __libc_init_array
 .text.memcpy   0x000000000800984e       0xe2 d:/gd32/gd32f103/ziji/nucleistudio_ide_201908/toolchain/risc-v embedded gcc/8.2.0-2.2-20190521-0004/bin/../lib/gcc/riscv-none-embed/8.2.0/../../../../riscv-none-embed/lib\libc.a(lib_a-memcpy.o)
                0x000000000800984e                memcpy
 .text          0x0000000008009930       0xa8 d:/gd32/gd32f103/ziji/nucleistudio_ide_201908/toolchain/risc-v embedded gcc/8.2.0-2.2-20190521-0004/bin/../lib/gcc/riscv-none-embed/8.2.0/../../../../riscv-none-embed/lib\libc.a(lib_a-memset.o)
                0x0000000008009930                memset
 .text.__register_exitproc
                0x00000000080099d8       0x9e d:/gd32/gd32f103/ziji/nucleistudio_ide_201908/toolchain/risc-v embedded gcc/8.2.0-2.2-20190521-0004/bin/../lib/gcc/riscv-none-embed/8.2.0/../../../../riscv-none-embed/lib\libc.a(lib_a-__atexit.o)
                0x00000000080099d8                __register_exitproc
 .text.__call_exitprocs
                0x0000000008009a76       0xd4 d:/gd32/gd32f103/ziji/nucleistudio_ide_201908/toolchain/risc-v embedded gcc/8.2.0-2.2-20190521-0004/bin/../lib/gcc/riscv-none-embed/8.2.0/../../../../riscv-none-embed/lib\libc.a(lib_a-__call_atexit.o)
                0x0000000008009a76                __call_exitprocs
 .text.__retarget_lock_acquire_recursive
                0x0000000008009b4a        0x2 d:/gd32/gd32f103/ziji/nucleistudio_ide_201908/toolchain/risc-v embedded gcc/8.2.0-2.2-20190521-0004/bin/../lib/gcc/riscv-none-embed/8.2.0/../../../../riscv-none-embed/lib\libc.a(lib_a-lock.o)
                0x0000000008009b4a                __retarget_lock_acquire_recursive
 .text.__retarget_lock_release_recursive
                0x0000000008009b4c        0x2 d:/gd32/gd32f103/ziji/nucleistudio_ide_201908/toolchain/risc-v embedded gcc/8.2.0-2.2-20190521-0004/bin/../lib/gcc/riscv-none-embed/8.2.0/../../../../riscv-none-embed/lib\libc.a(lib_a-lock.o)
                0x0000000008009b4c                __retarget_lock_release_recursive
 *fill*         0x0000000008009b4e        0x2 
 .text.eclic_init
                0x0000000008009b50       0x2c D:\GD32\GD32F103\test_code\liuwei\emXGUI_GD32F103\Project\Eclipse_RISC-V\CPU_LIB\libGD32V1xx.a(n200_func.o)
                0x0000000008009b50                eclic_init
 .text.eclic_enable_interrupt
                0x0000000008009b7c       0x1c D:\GD32\GD32F103\test_code\liuwei\emXGUI_GD32F103\Project\Eclipse_RISC-V\CPU_LIB\libGD32V1xx.a(n200_func.o)
                0x0000000008009b7c                eclic_enable_interrupt
 .text.eclic_clear_pending
                0x0000000008009b98       0x18 D:\GD32\GD32F103\test_code\liuwei\emXGUI_GD32F103\Project\Eclipse_RISC-V\CPU_LIB\libGD32V1xx.a(n200_func.o)
                0x0000000008009b98                eclic_clear_pending
 .text.eclic_get_nlbits
                0x0000000008009bb0       0x14 D:\GD32\GD32F103\test_code\liuwei\emXGUI_GD32F103\Project\Eclipse_RISC-V\CPU_LIB\libGD32V1xx.a(n200_func.o)
                0x0000000008009bb0                eclic_get_nlbits
 .text.eclic_set_irq_lvl_abs
                0x0000000008009bc4       0x80 D:\GD32\GD32F103\test_code\liuwei\emXGUI_GD32F103\Project\Eclipse_RISC-V\CPU_LIB\libGD32V1xx.a(n200_func.o)
                0x0000000008009bc4                eclic_set_irq_lvl_abs
 .text.eclic_set_irq_priority
                0x0000000008009c44       0x80 D:\GD32\GD32F103\test_code\liuwei\emXGUI_GD32F103\Project\Eclipse_RISC-V\CPU_LIB\libGD32V1xx.a(n200_func.o)
                0x0000000008009c44                eclic_set_irq_priority
 .text.eclic_mode_enable
                0x0000000008009cc4       0x14 D:\GD32\GD32F103\test_code\liuwei\emXGUI_GD32F103\Project\Eclipse_RISC-V\CPU_LIB\libGD32V1xx.a(n200_func.o)
                0x0000000008009cc4                eclic_mode_enable
 .text.eclic_set_posedge_trig
                0x0000000008009cd8       0x20 D:\GD32\GD32F103\test_code\liuwei\emXGUI_GD32F103\Project\Eclipse_RISC-V\CPU_LIB\libGD32V1xx.a(n200_func.o)
                0x0000000008009cd8                eclic_set_posedge_trig
 .text.eclic_global_interrupt_enable
                0x0000000008009cf8        0x8 D:\GD32\GD32F103\test_code\liuwei\emXGUI_GD32F103\Project\Eclipse_RISC-V\CPU_LIB\libGD32V1xx.a(gd32vf103_eclic.o)
                0x0000000008009cf8                eclic_global_interrupt_enable
 .text.eclic_irq_enable
                0x0000000008009d00       0x54 D:\GD32\GD32F103\test_code\liuwei\emXGUI_GD32F103\Project\Eclipse_RISC-V\CPU_LIB\libGD32V1xx.a(gd32vf103_eclic.o)
                0x0000000008009d00                eclic_irq_enable
 .text.exmc_norsram_init
                0x0000000008009d54       0xf0 D:\GD32\GD32F103\test_code\liuwei\emXGUI_GD32F103\Project\Eclipse_RISC-V\CPU_LIB\libGD32V1xx.a(gd32vf103_exmc.o)
                0x0000000008009d54                exmc_norsram_init
 .text.exmc_norsram_enable
                0x0000000008009e44       0x1c D:\GD32\GD32F103\test_code\liuwei\emXGUI_GD32F103\Project\Eclipse_RISC-V\CPU_LIB\libGD32V1xx.a(gd32vf103_exmc.o)
                0x0000000008009e44                exmc_norsram_enable
 .text.gpio_init
                0x0000000008009e60       0xdc D:\GD32\GD32F103\test_code\liuwei\emXGUI_GD32F103\Project\Eclipse_RISC-V\CPU_LIB\libGD32V1xx.a(gd32vf103_gpio.o)
                0x0000000008009e60                gpio_init
 .text.gpio_bit_set
                0x0000000008009f3c        0x8 D:\GD32\GD32F103\test_code\liuwei\emXGUI_GD32F103\Project\Eclipse_RISC-V\CPU_LIB\libGD32V1xx.a(gd32vf103_gpio.o)
                0x0000000008009f3c                gpio_bit_set
 .text.gpio_bit_reset
                0x0000000008009f44        0x8 D:\GD32\GD32F103\test_code\liuwei\emXGUI_GD32F103\Project\Eclipse_RISC-V\CPU_LIB\libGD32V1xx.a(gd32vf103_gpio.o)
                0x0000000008009f44                gpio_bit_reset
 .text.rcu_periph_clock_enable
                0x0000000008009f4c       0x24 D:\GD32\GD32F103\test_code\liuwei\emXGUI_GD32F103\Project\Eclipse_RISC-V\CPU_LIB\libGD32V1xx.a(gd32vf103_rcu.o)
                0x0000000008009f4c                rcu_periph_clock_enable
 .text.rcu_periph_reset_enable
                0x0000000008009f70       0x24 D:\GD32\GD32F103\test_code\liuwei\emXGUI_GD32F103\Project\Eclipse_RISC-V\CPU_LIB\libGD32V1xx.a(gd32vf103_rcu.o)
                0x0000000008009f70                rcu_periph_reset_enable
 .text.rcu_periph_reset_disable
                0x0000000008009f94       0x28 D:\GD32\GD32F103\test_code\liuwei\emXGUI_GD32F103\Project\Eclipse_RISC-V\CPU_LIB\libGD32V1xx.a(gd32vf103_rcu.o)
                0x0000000008009f94                rcu_periph_reset_disable
 .text.timer_deinit
                0x0000000008009fbc       0xf8 D:\GD32\GD32F103\test_code\liuwei\emXGUI_GD32F103\Project\Eclipse_RISC-V\CPU_LIB\libGD32V1xx.a(gd32vf103_timer.o)
                0x0000000008009fbc                timer_deinit
 .text.timer_struct_para_init
                0x000000000800a0b4       0x24 D:\GD32\GD32F103\test_code\liuwei\emXGUI_GD32F103\Project\Eclipse_RISC-V\CPU_LIB\libGD32V1xx.a(gd32vf103_timer.o)
                0x000000000800a0b4                timer_struct_para_init
 .text.timer_init
                0x000000000800a0d8       0xe0 D:\GD32\GD32F103\test_code\liuwei\emXGUI_GD32F103\Project\Eclipse_RISC-V\CPU_LIB\libGD32V1xx.a(gd32vf103_timer.o)
                0x000000000800a0d8                timer_init
 .text.timer_enable
                0x000000000800a1b8       0x10 D:\GD32\GD32F103\test_code\liuwei\emXGUI_GD32F103\Project\Eclipse_RISC-V\CPU_LIB\libGD32V1xx.a(gd32vf103_timer.o)
                0x000000000800a1b8                timer_enable
 .text.timer_interrupt_enable
                0x000000000800a1c8       0x10 D:\GD32\GD32F103\test_code\liuwei\emXGUI_GD32F103\Project\Eclipse_RISC-V\CPU_LIB\libGD32V1xx.a(gd32vf103_timer.o)
                0x000000000800a1c8                timer_interrupt_enable
 .text.timer_interrupt_flag_clear
                0x000000000800a1d8        0xc D:\GD32\GD32F103\test_code\liuwei\emXGUI_GD32F103\Project\Eclipse_RISC-V\CPU_LIB\libGD32V1xx.a(gd32vf103_timer.o)
                0x000000000800a1d8                timer_interrupt_flag_clear
 .text.plug_holes
                0x000000000800a1e4       0x50 D:\GD32\GD32F103\test_code\liuwei\emXGUI_GD32F103\Module\GCC_Lib\libx_libc_GCC_RV32.a(x_heap.o)
 .text.x_heap_init
                0x000000000800a234       0x6c D:\GD32\GD32F103\test_code\liuwei\emXGUI_GD32F103\Module\GCC_Lib\libx_libc_GCC_RV32.a(x_heap.o)
                0x000000000800a234                x_heap_init
 .text.x_heap_alloc
                0x000000000800a2a0       0xf6 D:\GD32\GD32F103\test_code\liuwei\emXGUI_GD32F103\Module\GCC_Lib\libx_libc_GCC_RV32.a(x_heap.o)
                0x000000000800a2a0                x_heap_alloc
 .text.x_heap_free
                0x000000000800a396       0x40 D:\GD32\GD32F103\test_code\liuwei\emXGUI_GD32F103\Module\GCC_Lib\libx_libc_GCC_RV32.a(x_heap.o)
                0x000000000800a396                x_heap_free
 .text.double_val_init
                0x000000000800a3d6       0x84 D:\GD32\GD32F103\test_code\liuwei\emXGUI_GD32F103\Module\GCC_Lib\libx_libc_GCC_RV32.a(x_stdlib.o)
                0x000000000800a3d6                double_val_init
 .text.x_rand   0x000000000800a45a       0x4c D:\GD32\GD32F103\test_code\liuwei\emXGUI_GD32F103\Module\GCC_Lib\libx_libc_GCC_RV32.a(x_stdlib.o)
                0x000000000800a45a                x_rand
 .text.x_toupper
                0x000000000800a4a6        0xe D:\GD32\GD32F103\test_code\liuwei\emXGUI_GD32F103\Module\GCC_Lib\libx_libc_GCC_RV32.a(x_string.o)
                0x000000000800a4a6                x_toupper
 .text.vprtf_ltoa_store.isra.0
                0x000000000800a4b4       0xfe D:\GD32\GD32F103\test_code\liuwei\emXGUI_GD32F103\Module\GCC_Lib\libx_libc_GCC_RV32.a(x_wstring.o)
 .text.vprtf_wide_get
                0x000000000800a5b2       0x4a D:\GD32\GD32F103\test_code\liuwei\emXGUI_GD32F103\Module\GCC_Lib\libx_libc_GCC_RV32.a(x_wstring.o)
 .text.x_wvsprintf
                0x000000000800a5fc      0x396 D:\GD32\GD32F103\test_code\liuwei\emXGUI_GD32F103\Module\GCC_Lib\libx_libc_GCC_RV32.a(x_wstring.o)
                0x000000000800a5fc                x_wvsprintf
 .text.x_wsprintf
                0x000000000800a992       0x1e D:\GD32\GD32F103\test_code\liuwei\emXGUI_GD32F103\Module\GCC_Lib\libx_libc_GCC_RV32.a(x_wstring.o)
                0x000000000800a992                x_wsprintf
 .text.__tcb_sched_new
                0x000000000800a9b0       0x64 D:\GD32\GD32F103\test_code\liuwei\emXGUI_GD32F103\Module\GCC_Lib\libMicroKernel_GCC_RV32.a(mk_core.o)
 .text.mk_idle_thread
                0x000000000800aa14       0x64 D:\GD32\GD32F103\test_code\liuwei\emXGUI_GD32F103\Module\GCC_Lib\libMicroKernel_GCC_RV32.a(mk_core.o)
 .text.mk_isr_enter
                0x000000000800aa78       0x36 D:\GD32\GD32F103\test_code\liuwei\emXGUI_GD32F103\Module\GCC_Lib\libMicroKernel_GCC_RV32.a(mk_core.o)
                0x000000000800aa78                mk_isr_enter
 .text.mk_isr_exit
                0x000000000800aaae       0x7a D:\GD32\GD32F103\test_code\liuwei\emXGUI_GD32F103\Module\GCC_Lib\libMicroKernel_GCC_RV32.a(mk_core.o)
                0x000000000800aaae                mk_isr_exit
 .text.mk_sched
                0x000000000800ab28       0x5a D:\GD32\GD32F103\test_code\liuwei\emXGUI_GD32F103\Module\GCC_Lib\libMicroKernel_GCC_RV32.a(mk_core.o)
                0x000000000800ab28                mk_sched
 .text.mk_init  0x000000000800ab82       0xc6 D:\GD32\GD32F103\test_code\liuwei\emXGUI_GD32F103\Module\GCC_Lib\libMicroKernel_GCC_RV32.a(mk_core.o)
                0x000000000800ab82                mk_init
 .text.mk_startup
                0x000000000800ac48       0x40 D:\GD32\GD32F103\test_code\liuwei\emXGUI_GD32F103\Module\GCC_Lib\libMicroKernel_GCC_RV32.a(mk_core.o)
                0x000000000800ac48                mk_startup
 .text.mk_get_tick
                0x000000000800ac88       0x32 D:\GD32\GD32F103\test_code\liuwei\emXGUI_GD32F103\Module\GCC_Lib\libMicroKernel_GCC_RV32.a(mk_core.o)
                0x000000000800ac88                mk_get_tick
 .text.mk_tick_handler
                0x000000000800acba      0x10a D:\GD32\GD32F103\test_code\liuwei\emXGUI_GD32F103\Module\GCC_Lib\libMicroKernel_GCC_RV32.a(mk_core.o)
                0x000000000800acba                mk_tick_handler
 .text.mk_sleep_ticks
                0x000000000800adc4       0x72 D:\GD32\GD32F103\test_code\liuwei\emXGUI_GD32F103\Module\GCC_Lib\libMicroKernel_GCC_RV32.a(mk_core.o)
                0x000000000800adc4                mk_sleep_ticks
 .text.mk_msleep
                0x000000000800ae36       0x18 D:\GD32\GD32F103\test_code\liuwei\emXGUI_GD32F103\Module\GCC_Lib\libMicroKernel_GCC_RV32.a(mk_core.o)
                0x000000000800ae36                mk_msleep
 .text.mk_event_init
                0x000000000800ae4e        0x6 D:\GD32\GD32F103\test_code\liuwei\emXGUI_GD32F103\Module\GCC_Lib\libMicroKernel_GCC_RV32.a(mk_core.o)
                0x000000000800ae4e                mk_event_init
 .text.mk_event_get_high_ready
                0x000000000800ae54       0x10 D:\GD32\GD32F103\test_code\liuwei\emXGUI_GD32F103\Module\GCC_Lib\libMicroKernel_GCC_RV32.a(mk_core.o)
                0x000000000800ae54                mk_event_get_high_ready
 .text.mk_event_pend
                0x000000000800ae64       0x68 D:\GD32\GD32F103\test_code\liuwei\emXGUI_GD32F103\Module\GCC_Lib\libMicroKernel_GCC_RV32.a(mk_core.o)
                0x000000000800ae64                mk_event_pend
 .text.mk_event_wakeup
                0x000000000800aecc       0x34 D:\GD32\GD32F103\test_code\liuwei\emXGUI_GD32F103\Module\GCC_Lib\libMicroKernel_GCC_RV32.a(mk_core.o)
                0x000000000800aecc                mk_event_wakeup
 .text.mk_event_delete
                0x000000000800af00       0x48 D:\GD32\GD32F103\test_code\liuwei\emXGUI_GD32F103\Module\GCC_Lib\libMicroKernel_GCC_RV32.a(mk_core.o)
                0x000000000800af00                mk_event_delete
 .text.mk_thread_self
                0x000000000800af48        0xa D:\GD32\GD32F103\test_code\liuwei\emXGUI_GD32F103\Module\GCC_Lib\libMicroKernel_GCC_RV32.a(mk_core.o)
                0x000000000800af48                mk_thread_self
 .text.mk_mutex_init
                0x000000000800af52       0x1e D:\GD32\GD32F103\test_code\liuwei\emXGUI_GD32F103\Module\GCC_Lib\libMicroKernel_GCC_RV32.a(mk_mutex.o)
                0x000000000800af52                mk_mutex_init
 .text.mk_mutex_lock
                0x000000000800af70      0x102 D:\GD32\GD32F103\test_code\liuwei\emXGUI_GD32F103\Module\GCC_Lib\libMicroKernel_GCC_RV32.a(mk_mutex.o)
                0x000000000800af70                mk_mutex_lock
 .text.mk_mutex_unlock
                0x000000000800b072      0x104 D:\GD32\GD32F103\test_code\liuwei\emXGUI_GD32F103\Module\GCC_Lib\libMicroKernel_GCC_RV32.a(mk_mutex.o)
                0x000000000800b072                mk_mutex_unlock
 .text.mk_mutex_destroy
                0x000000000800b176       0x34 D:\GD32\GD32F103\test_code\liuwei\emXGUI_GD32F103\Module\GCC_Lib\libMicroKernel_GCC_RV32.a(mk_mutex.o)
                0x000000000800b176                mk_mutex_destroy
 .text.mk_sem_init
                0x000000000800b1aa       0x24 D:\GD32\GD32F103\test_code\liuwei\emXGUI_GD32F103\Module\GCC_Lib\libMicroKernel_GCC_RV32.a(mk_sem.o)
                0x000000000800b1aa                mk_sem_init
 .text.mk_sem_wait
                0x000000000800b1ce       0xb8 D:\GD32\GD32F103\test_code\liuwei\emXGUI_GD32F103\Module\GCC_Lib\libMicroKernel_GCC_RV32.a(mk_sem.o)
                0x000000000800b1ce                mk_sem_wait
 .text.mk_sem_post
                0x000000000800b286       0x6c D:\GD32\GD32F103\test_code\liuwei\emXGUI_GD32F103\Module\GCC_Lib\libMicroKernel_GCC_RV32.a(mk_sem.o)
                0x000000000800b286                mk_sem_post
 .text.mk_sem_destroy
                0x000000000800b2f2       0x44 D:\GD32\GD32F103\test_code\liuwei\emXGUI_GD32F103\Module\GCC_Lib\libMicroKernel_GCC_RV32.a(mk_sem.o)
                0x000000000800b2f2                mk_sem_destroy
 .text.mk_thread_init
                0x000000000800b336       0xec D:\GD32\GD32F103\test_code\liuwei\emXGUI_GD32F103\Module\GCC_Lib\libMicroKernel_GCC_RV32.a(mk_thread.o)
                0x000000000800b336                mk_thread_init
 .text._DrawArc
                0x000000000800b422      0x280 D:\GD32\GD32F103\test_code\liuwei\emXGUI_GD32F103\Module\GCC_Lib\libEMXGUI_GCC_RV32.a(GD_Arc.o)
 .text.GL_DrawArc
                0x000000000800b6a2      0x20c D:\GD32\GD32F103\test_code\liuwei\emXGUI_GD32F103\Module\GCC_Lib\libEMXGUI_GCC_RV32.a(GD_Arc.o)
 .text._gdDrawArc
                0x000000000800b8ae      0x100 D:\GD32\GD32F103\test_code\liuwei\emXGUI_GD32F103\Module\GCC_Lib\libEMXGUI_GCC_RV32.a(GD_Arc.o)
                0x000000000800b8ae                _gdDrawArc
 .text.FillArc  0x000000000800b9ae       0xd6 D:\GD32\GD32F103\test_code\liuwei\emXGUI_GD32F103\Module\GCC_Lib\libEMXGUI_GCC_RV32.a(GD_Arc.o)
                0x000000000800b9ae                FillArc
 .text._gdDrawCircle
                0x000000000800ba84       0x9e D:\GD32\GD32F103\test_code\liuwei\emXGUI_GD32F103\Module\GCC_Lib\libEMXGUI_GCC_RV32.a(GD_Circle.o)
 .text.DrawCircle
                0x000000000800bb22       0xe4 D:\GD32\GD32F103\test_code\liuwei\emXGUI_GD32F103\Module\GCC_Lib\libEMXGUI_GCC_RV32.a(GD_Circle.o)
                0x000000000800bb22                DrawCircle
 .text.__sin    0x000000000800bc06       0x7e D:\GD32\GD32F103\test_code\liuwei\emXGUI_GD32F103\Module\GCC_Lib\libEMXGUI_GCC_RV32.a(GD_Line.o)
 .text._gdHLine
                0x000000000800bc84      0x132 D:\GD32\GD32F103\test_code\liuwei\emXGUI_GD32F103\Module\GCC_Lib\libEMXGUI_GCC_RV32.a(GD_Line.o)
                0x000000000800bc84                _gdHLine
 .text.gdHLine  0x000000000800bdb6       0x52 D:\GD32\GD32F103\test_code\liuwei\emXGUI_GD32F103\Module\GCC_Lib\libEMXGUI_GCC_RV32.a(GD_Line.o)
                0x000000000800bdb6                gdHLine
 .text._gdVLine
                0x000000000800be08      0x134 D:\GD32\GD32F103\test_code\liuwei\emXGUI_GD32F103\Module\GCC_Lib\libEMXGUI_GCC_RV32.a(GD_Line.o)
                0x000000000800be08                _gdVLine
 .text.gdVLine  0x000000000800bf3c       0x54 D:\GD32\GD32F103\test_code\liuwei\emXGUI_GD32F103\Module\GCC_Lib\libEMXGUI_GCC_RV32.a(GD_Line.o)
                0x000000000800bf3c                gdVLine
 .text.gdLine   0x000000000800bf90       0xd6 D:\GD32\GD32F103\test_code\liuwei\emXGUI_GD32F103\Module\GCC_Lib\libEMXGUI_GCC_RV32.a(GD_Line.o)
                0x000000000800bf90                gdLine
 .text._Wu_DrawBoldLine
                0x000000000800c066      0x1ee D:\GD32\GD32F103\test_code\liuwei\emXGUI_GD32F103\Module\GCC_Lib\libEMXGUI_GCC_RV32.a(GD_Line.o)
                0x000000000800c066                _Wu_DrawBoldLine
 .text.AA_DrawLine
                0x000000000800c254      0x16a D:\GD32\GD32F103\test_code\liuwei\emXGUI_GD32F103\Module\GCC_Lib\libEMXGUI_GCC_RV32.a(GD_Line.o)
                0x000000000800c254                AA_DrawLine
 .text.solid_line
                0x000000000800c3be      0x274 D:\GD32\GD32F103\test_code\liuwei\emXGUI_GD32F103\Module\GCC_Lib\libEMXGUI_GCC_RV32.a(GD_Line.o)
                0x000000000800c3be                solid_line
 .text.AA_DrawBoldLine
                0x000000000800c632        0x4 D:\GD32\GD32F103\test_code\liuwei\emXGUI_GD32F103\Module\GCC_Lib\libEMXGUI_GCC_RV32.a(GD_Line.o)
                0x000000000800c632                AA_DrawBoldLine
 .text.Line     0x000000000800c636       0x3a D:\GD32\GD32F103\test_code\liuwei\emXGUI_GD32F103\Module\GCC_Lib\libEMXGUI_GCC_RV32.a(GD_Line.o)
                0x000000000800c636                Line
 .text.HLine    0x000000000800c670       0x5a D:\GD32\GD32F103\test_code\liuwei\emXGUI_GD32F103\Module\GCC_Lib\libEMXGUI_GCC_RV32.a(GD_Line.o)
                0x000000000800c670                HLine
 .text.VLine    0x000000000800c6ca       0x5c D:\GD32\GD32F103\test_code\liuwei\emXGUI_GD32F103\Module\GCC_Lib\libEMXGUI_GCC_RV32.a(GD_Line.o)
                0x000000000800c6ca                VLine
 .text._gdSetPixel
                0x000000000800c726      0x11e D:\GD32\GD32F103\test_code\liuwei\emXGUI_GD32F103\Module\GCC_Lib\libEMXGUI_GCC_RV32.a(GD_Pixel.o)
                0x000000000800c726                _gdSetPixel
 .text.gdSetPixel
                0x000000000800c844       0x34 D:\GD32\GD32F103\test_code\liuwei\emXGUI_GD32F103\Module\GCC_Lib\libEMXGUI_GCC_RV32.a(GD_Pixel.o)
                0x000000000800c844                gdSetPixel
 .text._gdSetPixelARGB
                0x000000000800c878       0xc8 D:\GD32\GD32F103\test_code\liuwei\emXGUI_GD32F103\Module\GCC_Lib\libEMXGUI_GCC_RV32.a(GD_Pixel.o)
                0x000000000800c878                _gdSetPixelARGB
 .text.gdSetPixelARGB
                0x000000000800c940       0x40 D:\GD32\GD32F103\test_code\liuwei\emXGUI_GD32F103\Module\GCC_Lib\libEMXGUI_GCC_RV32.a(GD_Pixel.o)
                0x000000000800c940                gdSetPixelARGB
 .text._gdFillPolygon
                0x000000000800c980      0x244 D:\GD32\GD32F103\test_code\liuwei\emXGUI_GD32F103\Module\GCC_Lib\libEMXGUI_GCC_RV32.a(GD_Polygon.o)
                0x000000000800c980                _gdFillPolygon
 .text.FillPolygon
                0x000000000800cbc4       0xda D:\GD32\GD32F103\test_code\liuwei\emXGUI_GD32F103\Module\GCC_Lib\libEMXGUI_GCC_RV32.a(GD_Polygon.o)
                0x000000000800cbc4                FillPolygon
 .text._gdFillRect
                0x000000000800cc9e      0x11e D:\GD32\GD32F103\test_code\liuwei\emXGUI_GD32F103\Module\GCC_Lib\libEMXGUI_GCC_RV32.a(GD_Rect.o)
 .text._FillRoundRect
                0x000000000800cdbc      0x146 D:\GD32\GD32F103\test_code\liuwei\emXGUI_GD32F103\Module\GCC_Lib\libEMXGUI_GCC_RV32.a(GD_Rect.o)
 .text.gdDrawRect
                0x000000000800cf02       0x6e D:\GD32\GD32F103\test_code\liuwei\emXGUI_GD32F103\Module\GCC_Lib\libEMXGUI_GCC_RV32.a(GD_Rect.o)
                0x000000000800cf02                gdDrawRect
 .text.gdFillRect
                0x000000000800cf70       0x30 D:\GD32\GD32F103\test_code\liuwei\emXGUI_GD32F103\Module\GCC_Lib\libEMXGUI_GCC_RV32.a(GD_Rect.o)
                0x000000000800cf70                gdFillRect
 .text.gdDraw3DRect
                0x000000000800cfa0       0x74 D:\GD32\GD32F103\test_code\liuwei\emXGUI_GD32F103\Module\GCC_Lib\libEMXGUI_GCC_RV32.a(GD_Rect.o)
                0x000000000800cfa0                gdDraw3DRect
 .text.DrawRect
                0x000000000800d014       0x42 D:\GD32\GD32F103\test_code\liuwei\emXGUI_GD32F103\Module\GCC_Lib\libEMXGUI_GCC_RV32.a(GD_Rect.o)
                0x000000000800d014                DrawRect
 .text.FillRect
                0x000000000800d056        0x6 D:\GD32\GD32F103\test_code\liuwei\emXGUI_GD32F103\Module\GCC_Lib\libEMXGUI_GCC_RV32.a(GD_Rect.o)
                0x000000000800d056                FillRect
 .text.Draw3DRect
                0x000000000800d05c        0x4 D:\GD32\GD32F103\test_code\liuwei\emXGUI_GD32F103\Module\GCC_Lib\libEMXGUI_GCC_RV32.a(GD_Rect.o)
                0x000000000800d05c                Draw3DRect
 .text.DrawRoundRect
                0x000000000800d060      0x296 D:\GD32\GD32F103\test_code\liuwei\emXGUI_GD32F103\Module\GCC_Lib\libEMXGUI_GCC_RV32.a(GD_Rect.o)
                0x000000000800d060                DrawRoundRect
 .text.FillRoundRect
                0x000000000800d2f6       0x96 D:\GD32\GD32F103\test_code\liuwei\emXGUI_GD32F103\Module\GCC_Lib\libEMXGUI_GCC_RV32.a(GD_Rect.o)
                0x000000000800d2f6                FillRoundRect
 .text._DrawString
                0x000000000800d38c       0xa0 D:\GD32\GD32F103\test_code\liuwei\emXGUI_GD32F103\Module\GCC_Lib\libEMXGUI_GCC_RV32.a(GD_Text.o)
                0x000000000800d38c                _DrawString
 .text.DrawTextEx
                0x000000000800d42c      0x346 D:\GD32\GD32F103\test_code\liuwei\emXGUI_GD32F103\Module\GCC_Lib\libEMXGUI_GCC_RV32.a(GD_Text.o)
                0x000000000800d42c                DrawTextEx
 .text._CleanLine
                0x000000000800d772       0x3a D:\GD32\GD32F103\test_code\liuwei\emXGUI_GD32F103\Module\GCC_Lib\libEMXGUI_GCC_RV32.a(GUI_AA_Core.o)
 .text._IsEnableAA
                0x000000000800d7ac        0xa D:\GD32\GD32F103\test_code\liuwei\emXGUI_GD32F103\Module\GCC_Lib\libEMXGUI_GCC_RV32.a(GUI_AA_Core.o)
                0x000000000800d7ac                _IsEnableAA
 .text.AA_FlushLine
                0x000000000800d7b6       0xe8 D:\GD32\GD32F103\test_code\liuwei\emXGUI_GD32F103\Module\GCC_Lib\libEMXGUI_GCC_RV32.a(GUI_AA_Core.o)
                0x000000000800d7b6                AA_FlushLine
 .text.GUI_AA_Begin
                0x000000000800d89e       0x5a D:\GD32\GD32F103\test_code\liuwei\emXGUI_GD32F103\Module\GCC_Lib\libEMXGUI_GCC_RV32.a(GUI_AA_Core.o)
                0x000000000800d89e                GUI_AA_Begin
 .text.GUI_AA_End
                0x000000000800d8f8        0xc D:\GD32\GD32F103\test_code\liuwei\emXGUI_GD32F103\Module\GCC_Lib\libEMXGUI_GCC_RV32.a(GUI_AA_Core.o)
                0x000000000800d8f8                GUI_AA_End
 .text.DrawBitmap
                0x000000000800d904      0x99e D:\GD32\GD32F103\test_code\liuwei\emXGUI_GD32F103\Module\GCC_Lib\libEMXGUI_GCC_RV32.a(GUI_Bitmap.o)
                0x000000000800d904                DrawBitmap
 .text.BitBlt   0x000000000800e2a2      0x104 D:\GD32\GD32F103\test_code\liuwei\emXGUI_GD32F103\Module\GCC_Lib\libEMXGUI_GCC_RV32.a(GUI_Blt.o)
                0x000000000800e2a2                BitBlt
 .text.BeginDraw
                0x000000000800e3a6       0x34 D:\GD32\GD32F103\test_code\liuwei\emXGUI_GD32F103\Module\GCC_Lib\libEMXGUI_GCC_RV32.a(GUI_Core.o)
                0x000000000800e3a6                BeginDraw
 .text.EndDraw  0x000000000800e3da       0x34 D:\GD32\GD32F103\test_code\liuwei\emXGUI_GD32F103\Module\GCC_Lib\libEMXGUI_GCC_RV32.a(GUI_Core.o)
                0x000000000800e3da                EndDraw
 .text.RGB32_AVG
                0x000000000800e40e       0x3e D:\GD32\GD32F103\test_code\liuwei\emXGUI_GD32F103\Module\GCC_Lib\libEMXGUI_GCC_RV32.a(GUI_Core.o)
                0x000000000800e40e                RGB32_AVG
 .text.RGB32_Offset
                0x000000000800e44c       0x5c D:\GD32\GD32F103\test_code\liuwei\emXGUI_GD32F103\Module\GCC_Lib\libEMXGUI_GCC_RV32.a(GUI_Core.o)
                0x000000000800e44c                RGB32_Offset
 .text.GUI_CursorInit
                0x000000000800e4a8        0x4 D:\GD32\GD32F103\test_code\liuwei\emXGUI_GD32F103\Module\GCC_Lib\libEMXGUI_GCC_RV32.a(GUI_Cursor.o)
                0x000000000800e4a8                GUI_CursorInit
 .text.CursorCheck
                0x000000000800e4ac       0x16 D:\GD32\GD32F103\test_code\liuwei\emXGUI_GD32F103\Module\GCC_Lib\libEMXGUI_GCC_RV32.a(GUI_Cursor.o)
                0x000000000800e4ac                CursorCheck
 .text.CursorFix
                0x000000000800e4c2       0x14 D:\GD32\GD32F103\test_code\liuwei\emXGUI_GD32F103\Module\GCC_Lib\libEMXGUI_GCC_RV32.a(GUI_Cursor.o)
                0x000000000800e4c2                CursorFix
 .text.ShowCursor
                0x000000000800e4d6       0x1e D:\GD32\GD32F103\test_code\liuwei\emXGUI_GD32F103\Module\GCC_Lib\libEMXGUI_GCC_RV32.a(GUI_Cursor.o)
                0x000000000800e4d6                ShowCursor
 .text.SetCursorPos
                0x000000000800e4f4       0x22 D:\GD32\GD32F103\test_code\liuwei\emXGUI_GD32F103\Module\GCC_Lib\libEMXGUI_GCC_RV32.a(GUI_Cursor.o)
                0x000000000800e4f4                SetCursorPos
 .text.GetCursorPos
                0x000000000800e516       0x32 D:\GD32\GD32F103\test_code\liuwei\emXGUI_GD32F103\Module\GCC_Lib\libEMXGUI_GCC_RV32.a(GUI_Cursor.o)
                0x000000000800e516                GetCursorPos
 .text._GetFontInfo
                0x000000000800e548        0xa D:\GD32\GD32F103\test_code\liuwei\emXGUI_GD32F103\Module\GCC_Lib\libEMXGUI_GCC_RV32.a(GUI_Font.o)
                0x000000000800e548                _GetFontInfo
 .text._GetCharInfo
                0x000000000800e552        0xa D:\GD32\GD32F103\test_code\liuwei\emXGUI_GD32F103\Module\GCC_Lib\libEMXGUI_GCC_RV32.a(GUI_Font.o)
                0x000000000800e552                _GetCharInfo
 .text._DrawChar
                0x000000000800e55c       0x38 D:\GD32\GD32F103\test_code\liuwei\emXGUI_GD32F103\Module\GCC_Lib\libEMXGUI_GCC_RV32.a(GUI_Font.o)
                0x000000000800e55c                _DrawChar
 .text.GetTextWidth
                0x000000000800e594       0x8e D:\GD32\GD32F103\test_code\liuwei\emXGUI_GD32F103\Module\GCC_Lib\libEMXGUI_GCC_RV32.a(GUI_Font.o)
                0x000000000800e594                GetTextWidth
 .text.GetTextExtent
                0x000000000800e622       0x9e D:\GD32\GD32F103\test_code\liuwei\emXGUI_GD32F103\Module\GCC_Lib\libEMXGUI_GCC_RV32.a(GUI_Font.o)
                0x000000000800e622                GetTextExtent
 .text.CreateFont
                0x000000000800e6c0       0x4c D:\GD32\GD32F103\test_code\liuwei\emXGUI_GD32F103\Module\GCC_Lib\libEMXGUI_GCC_RV32.a(GUI_Font.o)
                0x000000000800e6c0                CreateFont
 .text.__get_font_info
                0x000000000800e70c       0x1c D:\GD32\GD32F103\test_code\liuwei\emXGUI_GD32F103\Module\GCC_Lib\libEMXGUI_GCC_RV32.a(GUI_Font_XFT.o)
 .text.__delete_font
                0x000000000800e728       0x10 D:\GD32\GD32F103\test_code\liuwei\emXGUI_GD32F103\Module\GCC_Lib\libEMXGUI_GCC_RV32.a(GUI_Font_XFT.o)
 .text.__create_font
                0x000000000800e738       0x60 D:\GD32\GD32F103\test_code\liuwei\emXGUI_GD32F103\Module\GCC_Lib\libEMXGUI_GCC_RV32.a(GUI_Font_XFT.o)
 .text.xft_get_chr_entry
                0x000000000800e798       0x46 D:\GD32\GD32F103\test_code\liuwei\emXGUI_GD32F103\Module\GCC_Lib\libEMXGUI_GCC_RV32.a(GUI_Font_XFT.o)
                0x000000000800e798                xft_get_chr_entry
 .text.__draw_char
                0x000000000800e7de      0x122 D:\GD32\GD32F103\test_code\liuwei\emXGUI_GD32F103\Module\GCC_Lib\libEMXGUI_GCC_RV32.a(GUI_Font_XFT.o)
 .text.__get_char_info
                0x000000000800e900       0x78 D:\GD32\GD32F103\test_code\liuwei\emXGUI_GD32F103\Module\GCC_Lib\libEMXGUI_GCC_RV32.a(GUI_Font_XFT.o)
 .text.XFT_CreateFont
                0x000000000800e978        0xe D:\GD32\GD32F103\test_code\liuwei\emXGUI_GD32F103\Module\GCC_Lib\libEMXGUI_GCC_RV32.a(GUI_Font_XFT.o)
                0x000000000800e978                XFT_CreateFont
 .text.HDC_Lock
                0x000000000800e986        0x4 D:\GD32\GD32F103\test_code\liuwei\emXGUI_GD32F103\Module\GCC_Lib\libEMXGUI_GCC_RV32.a(GUI_GDI.o)
                0x000000000800e986                HDC_Lock
 .text.HDC_Unlock
                0x000000000800e98a        0x2 D:\GD32\GD32F103\test_code\liuwei\emXGUI_GD32F103\Module\GCC_Lib\libEMXGUI_GCC_RV32.a(GUI_GDI.o)
                0x000000000800e98a                HDC_Unlock
 .text.DC_Alloc
                0x000000000800e98c       0x32 D:\GD32\GD32F103\test_code\liuwei\emXGUI_GD32F103\Module\GCC_Lib\libEMXGUI_GCC_RV32.a(GUI_GDI.o)
                0x000000000800e98c                DC_Alloc
 .text.DC_Free  0x000000000800e9be       0x1a D:\GD32\GD32F103\test_code\liuwei\emXGUI_GD32F103\Module\GCC_Lib\libEMXGUI_GCC_RV32.a(GUI_GDI.o)
                0x000000000800e9be                DC_Free
 .text.IsMemDC  0x000000000800e9d8        0x8 D:\GD32\GD32F103\test_code\liuwei\emXGUI_GD32F103\Module\GCC_Lib\libEMXGUI_GCC_RV32.a(GUI_GDI.o)
                0x000000000800e9d8                IsMemDC
 .text.IsWindowDC
                0x000000000800e9e0        0xa D:\GD32\GD32F103\test_code\liuwei\emXGUI_GD32F103\Module\GCC_Lib\libEMXGUI_GCC_RV32.a(GUI_GDI.o)
                0x000000000800e9e0                IsWindowDC
 .text.InitDC   0x000000000800e9ea      0x130 D:\GD32\GD32F103\test_code\liuwei\emXGUI_GD32F103\Module\GCC_Lib\libEMXGUI_GCC_RV32.a(GUI_GDI.o)
                0x000000000800e9ea                InitDC
 .text.MapXRGB8888
                0x000000000800eb1a        0xc D:\GD32\GD32F103\test_code\liuwei\emXGUI_GD32F103\Module\GCC_Lib\libEMXGUI_GCC_RV32.a(GUI_GDI.o)
                0x000000000800eb1a                MapXRGB8888
 .text.MapRGB   0x000000000800eb26       0x12 D:\GD32\GD32F103\test_code\liuwei\emXGUI_GD32F103\Module\GCC_Lib\libEMXGUI_GCC_RV32.a(GUI_GDI.o)
                0x000000000800eb26                MapRGB
 .text.GetRGB   0x000000000800eb38       0x14 D:\GD32\GD32F103\test_code\liuwei\emXGUI_GD32F103\Module\GCC_Lib\libEMXGUI_GCC_RV32.a(GUI_GDI.o)
                0x000000000800eb38                GetRGB
 .text._SetDrawRect
                0x000000000800eb4c       0x6e D:\GD32\GD32F103\test_code\liuwei\emXGUI_GD32F103\Module\GCC_Lib\libEMXGUI_GCC_RV32.a(GUI_GDI.o)
                0x000000000800eb4c                _SetDrawRect
 .text.CreateSurface
                0x000000000800ebba       0x10 D:\GD32\GD32F103\test_code\liuwei\emXGUI_GD32F103\Module\GCC_Lib\libEMXGUI_GCC_RV32.a(GUI_GDI.o)
                0x000000000800ebba                CreateSurface
 .text.DeleteSurface
                0x000000000800ebca       0x12 D:\GD32\GD32F103\test_code\liuwei\emXGUI_GD32F103\Module\GCC_Lib\libEMXGUI_GCC_RV32.a(GUI_GDI.o)
                0x000000000800ebca                DeleteSurface
 .text.CreateDC
                0x000000000800ebdc       0x56 D:\GD32\GD32F103\test_code\liuwei\emXGUI_GD32F103\Module\GCC_Lib\libEMXGUI_GCC_RV32.a(GUI_GDI.o)
                0x000000000800ebdc                CreateDC
 .text.DeleteDC
                0x000000000800ec32       0x48 D:\GD32\GD32F103\test_code\liuwei\emXGUI_GD32F103\Module\GCC_Lib\libEMXGUI_GCC_RV32.a(GUI_GDI.o)
                0x000000000800ec32                DeleteDC
 .text.SetTextColor
                0x000000000800ec7a        0x8 D:\GD32\GD32F103\test_code\liuwei\emXGUI_GD32F103\Module\GCC_Lib\libEMXGUI_GCC_RV32.a(GUI_GDI.o)
                0x000000000800ec7a                SetTextColor
 .text.SetPenColor
                0x000000000800ec82        0x8 D:\GD32\GD32F103\test_code\liuwei\emXGUI_GD32F103\Module\GCC_Lib\libEMXGUI_GCC_RV32.a(GUI_GDI.o)
                0x000000000800ec82                SetPenColor
 .text.SetBrushColor
                0x000000000800ec8a        0x8 D:\GD32\GD32F103\test_code\liuwei\emXGUI_GD32F103\Module\GCC_Lib\libEMXGUI_GCC_RV32.a(GUI_GDI.o)
                0x000000000800ec8a                SetBrushColor
 .text._LPtoDP  0x000000000800ec92       0x58 D:\GD32\GD32F103\test_code\liuwei\emXGUI_GD32F103\Module\GCC_Lib\libEMXGUI_GCC_RV32.a(GUI_GDI.o)
                0x000000000800ec92                _LPtoDP
 .text.ClrDisplay
                0x000000000800ecea       0x30 D:\GD32\GD32F103\test_code\liuwei\emXGUI_GD32F103\Module\GCC_Lib\libEMXGUI_GCC_RV32.a(GUI_GDI.o)
                0x000000000800ecea                ClrDisplay
 .text.IsEnableAlpha
                0x000000000800ed1a        0xa D:\GD32\GD32F103\test_code\liuwei\emXGUI_GD32F103\Module\GCC_Lib\libEMXGUI_GCC_RV32.a(GUI_GDI.o)
                0x000000000800ed1a                IsEnableAlpha
 .text.GDI_Init
                0x000000000800ed24        0x4 D:\GD32\GD32F103\test_code\liuwei\emXGUI_GD32F103\Module\GCC_Lib\libEMXGUI_GCC_RV32.a(GUI_GDI.o)
                0x000000000800ed24                GDI_Init
 .text.GUI_abs  0x000000000800ed28        0xa D:\GD32\GD32F103\test_code\liuwei\emXGUI_GD32F103\Module\GCC_Lib\libEMXGUI_GCC_RV32.a(GUI_Libc.o)
                0x000000000800ed28                GUI_abs
 .text.GUI_wstrlen
                0x000000000800ed32       0x16 D:\GD32\GD32F103\test_code\liuwei\emXGUI_GD32F103\Module\GCC_Lib\libEMXGUI_GCC_RV32.a(GUI_Libc.o)
                0x000000000800ed32                GUI_wstrlen
 .text.GUI_wstrncpy
                0x000000000800ed48       0x22 D:\GD32\GD32F103\test_code\liuwei\emXGUI_GD32F103\Module\GCC_Lib\libEMXGUI_GCC_RV32.a(GUI_Libc.o)
                0x000000000800ed48                GUI_wstrncpy
 .text.GUI_wstrchr
                0x000000000800ed6a       0x16 D:\GD32\GD32F103\test_code\liuwei\emXGUI_GD32F103\Module\GCC_Lib\libEMXGUI_GCC_RV32.a(GUI_Libc.o)
                0x000000000800ed6a                GUI_wstrchr
 .text.GUI_wstr_alloc
                0x000000000800ed80       0x30 D:\GD32\GD32F103\test_code\liuwei\emXGUI_GD32F103\Module\GCC_Lib\libEMXGUI_GCC_RV32.a(GUI_Libc.o)
                0x000000000800ed80                GUI_wstr_alloc
 .text.GUI_wstr_free
                0x000000000800edb0        0x4 D:\GD32\GD32F103\test_code\liuwei\emXGUI_GD32F103\Module\GCC_Lib\libEMXGUI_GCC_RV32.a(GUI_Libc.o)
                0x000000000800edb0                GUI_wstr_free
 .text.GUI_memset8
                0x000000000800edb4        0x4 D:\GD32\GD32F103\test_code\liuwei\emXGUI_GD32F103\Module\GCC_Lib\libEMXGUI_GCC_RV32.a(GUI_Libc.o)
                0x000000000800edb4                GUI_memset8
 .text.GUI_memset8_step
                0x000000000800edb8       0x56 D:\GD32\GD32F103\test_code\liuwei\emXGUI_GD32F103\Module\GCC_Lib\libEMXGUI_GCC_RV32.a(GUI_Libc.o)
                0x000000000800edb8                GUI_memset8_step
 .text.GUI_memset16
                0x000000000800ee0e       0x56 D:\GD32\GD32F103\test_code\liuwei\emXGUI_GD32F103\Module\GCC_Lib\libEMXGUI_GCC_RV32.a(GUI_Libc.o)
                0x000000000800ee0e                GUI_memset16
 .text.GUI_memset16_step
                0x000000000800ee64       0x76 D:\GD32\GD32F103\test_code\liuwei\emXGUI_GD32F103\Module\GCC_Lib\libEMXGUI_GCC_RV32.a(GUI_Libc.o)
                0x000000000800ee64                GUI_memset16_step
 .text.GUI_memset32
                0x000000000800eeda       0x46 D:\GD32\GD32F103\test_code\liuwei\emXGUI_GD32F103\Module\GCC_Lib\libEMXGUI_GCC_RV32.a(GUI_Libc.o)
                0x000000000800eeda                GUI_memset32
 .text.GUI_memset32_step
                0x000000000800ef20       0x66 D:\GD32\GD32F103\test_code\liuwei\emXGUI_GD32F103\Module\GCC_Lib\libEMXGUI_GCC_RV32.a(GUI_Libc.o)
                0x000000000800ef20                GUI_memset32_step
 .text.GUI_AlphaBlendValue
                0x000000000800ef86       0x10 D:\GD32\GD32F103\test_code\liuwei\emXGUI_GD32F103\Module\GCC_Lib\libEMXGUI_GCC_RV32.a(GUI_Libc.o)
                0x000000000800ef86                GUI_AlphaBlendValue
 .text.GUI_MakeBilinearARGB8888ii
                0x000000000800ef96       0xe8 D:\GD32\GD32F103\test_code\liuwei\emXGUI_GD32F103\Module\GCC_Lib\libEMXGUI_GCC_RV32.a(GUI_Libc.o)
                0x000000000800ef96                GUI_MakeBilinearARGB8888ii
 .text.GUI_MakeBilinearXRGB8888ii
                0x000000000800f07e       0xb2 D:\GD32\GD32F103\test_code\liuwei\emXGUI_GD32F103\Module\GCC_Lib\libEMXGUI_GCC_RV32.a(GUI_Libc.o)
                0x000000000800f07e                GUI_MakeBilinearXRGB8888ii
 .text.__InitCircle4
                0x000000000800f130       0x18 D:\GD32\GD32F103\test_code\liuwei\emXGUI_GD32F103\Module\GCC_Lib\libEMXGUI_GCC_RV32.a(GUI_Libc.o)
                0x000000000800f130                __InitCircle4
 .text.__CaluCircle4
                0x000000000800f148       0x76 D:\GD32\GD32F103\test_code\liuwei\emXGUI_GD32F103\Module\GCC_Lib\libEMXGUI_GCC_RV32.a(GUI_Libc.o)
                0x000000000800f148                __CaluCircle4
 .text.SetRectArea
                0x000000000800f1be       0x1e D:\GD32\GD32F103\test_code\liuwei\emXGUI_GD32F103\Module\GCC_Lib\libEMXGUI_GCC_RV32.a(GUI_Region.o)
                0x000000000800f1be                SetRectArea
 .text._SetRectEmpty
                0x000000000800f1dc       0x12 D:\GD32\GD32F103\test_code\liuwei\emXGUI_GD32F103\Module\GCC_Lib\libEMXGUI_GCC_RV32.a(GUI_Region.o)
                0x000000000800f1dc                _SetRectEmpty
 .text.SetRectEmpty
                0x000000000800f1ee       0x14 D:\GD32\GD32F103\test_code\liuwei\emXGUI_GD32F103\Module\GCC_Lib\libEMXGUI_GCC_RV32.a(GUI_Region.o)
                0x000000000800f1ee                SetRectEmpty
 .text.IsRectEmpty
                0x000000000800f202       0x16 D:\GD32\GD32F103\test_code\liuwei\emXGUI_GD32F103\Module\GCC_Lib\libEMXGUI_GCC_RV32.a(GUI_Region.o)
                0x000000000800f202                IsRectEmpty
 .text._PtInRect
                0x000000000800f218       0x2a D:\GD32\GD32F103\test_code\liuwei\emXGUI_GD32F103\Module\GCC_Lib\libEMXGUI_GCC_RV32.a(GUI_Region.o)
                0x000000000800f218                _PtInRect
 .text._CopyRect
                0x000000000800f242       0x12 D:\GD32\GD32F103\test_code\liuwei\emXGUI_GD32F103\Module\GCC_Lib\libEMXGUI_GCC_RV32.a(GUI_Region.o)
                0x000000000800f242                _CopyRect
 .text.__AddRectRECT_LL.isra.2
                0x000000000800f254       0x28 D:\GD32\GD32F103\test_code\liuwei\emXGUI_GD32F103\Module\GCC_Lib\libEMXGUI_GCC_RV32.a(GUI_Region.o)
 .text.CopyRect
                0x000000000800f27c        0xa D:\GD32\GD32F103\test_code\liuwei\emXGUI_GD32F103\Module\GCC_Lib\libEMXGUI_GCC_RV32.a(GUI_Region.o)
                0x000000000800f27c                CopyRect
 .text._OffsetRect
                0x000000000800f286        0xe D:\GD32\GD32F103\test_code\liuwei\emXGUI_GD32F103\Module\GCC_Lib\libEMXGUI_GCC_RV32.a(GUI_Region.o)
                0x000000000800f286                _OffsetRect
 .text.OffsetRect
                0x000000000800f294       0x10 D:\GD32\GD32F103\test_code\liuwei\emXGUI_GD32F103\Module\GCC_Lib\libEMXGUI_GCC_RV32.a(GUI_Region.o)
                0x000000000800f294                OffsetRect
 .text._InflateRect
                0x000000000800f2a4       0x1e D:\GD32\GD32F103\test_code\liuwei\emXGUI_GD32F103\Module\GCC_Lib\libEMXGUI_GCC_RV32.a(GUI_Region.o)
                0x000000000800f2a4                _InflateRect
 .text.InflateRect
                0x000000000800f2c2       0x16 D:\GD32\GD32F103\test_code\liuwei\emXGUI_GD32F103\Module\GCC_Lib\libEMXGUI_GCC_RV32.a(GUI_Region.o)
                0x000000000800f2c2                InflateRect
 .text.InflateRectEx
                0x000000000800f2d8       0x26 D:\GD32\GD32F103\test_code\liuwei\emXGUI_GD32F103\Module\GCC_Lib\libEMXGUI_GCC_RV32.a(GUI_Region.o)
                0x000000000800f2d8                InflateRectEx
 .text.IsEqualRect
                0x000000000800f2fe       0x2c D:\GD32\GD32F103\test_code\liuwei\emXGUI_GD32F103\Module\GCC_Lib\libEMXGUI_GCC_RV32.a(GUI_Region.o)
                0x000000000800f2fe                IsEqualRect
 .text.IsCoveredRect
                0x000000000800f32a       0x38 D:\GD32\GD32F103\test_code\liuwei\emXGUI_GD32F103\Module\GCC_Lib\libEMXGUI_GCC_RV32.a(GUI_Region.o)
                0x000000000800f32a                IsCoveredRect
 .text._IsIntersectRect
                0x000000000800f362       0x3c D:\GD32\GD32F103\test_code\liuwei\emXGUI_GD32F103\Module\GCC_Lib\libEMXGUI_GCC_RV32.a(GUI_Region.o)
                0x000000000800f362                _IsIntersectRect
 .text.IsIntersectRect
                0x000000000800f39e        0xc D:\GD32\GD32F103\test_code\liuwei\emXGUI_GD32F103\Module\GCC_Lib\libEMXGUI_GCC_RV32.a(GUI_Region.o)
                0x000000000800f39e                IsIntersectRect
 .text._IntersectRect
                0x000000000800f3aa       0x7c D:\GD32\GD32F103\test_code\liuwei\emXGUI_GD32F103\Module\GCC_Lib\libEMXGUI_GCC_RV32.a(GUI_Region.o)
                0x000000000800f3aa                _IntersectRect
 .text.IntersectRect
                0x000000000800f426       0x7a D:\GD32\GD32F103\test_code\liuwei\emXGUI_GD32F103\Module\GCC_Lib\libEMXGUI_GCC_RV32.a(GUI_Region.o)
                0x000000000800f426                IntersectRect
 .text.SubtractRectEx
                0x000000000800f4a0       0xd4 D:\GD32\GD32F103\test_code\liuwei\emXGUI_GD32F103\Module\GCC_Lib\libEMXGUI_GCC_RV32.a(GUI_Region.o)
                0x000000000800f4a0                SubtractRectEx
 .text.RGN_SubtractRect
                0x000000000800f574       0x9a D:\GD32\GD32F103\test_code\liuwei\emXGUI_GD32F103\Module\GCC_Lib\libEMXGUI_GCC_RV32.a(GUI_Region.o)
                0x000000000800f574                RGN_SubtractRect
 .text.InsertRECT_LL
                0x000000000800f60e       0xba D:\GD32\GD32F103\test_code\liuwei\emXGUI_GD32F103\Module\GCC_Lib\libEMXGUI_GCC_RV32.a(GUI_Region.o)
                0x000000000800f60e                InsertRECT_LL
 .text.CreateRectRgnIndirect
                0x000000000800f6c8       0x26 D:\GD32\GD32F103\test_code\liuwei\emXGUI_GD32F103\Module\GCC_Lib\libEMXGUI_GCC_RV32.a(GUI_Region.o)
                0x000000000800f6c8                CreateRectRgnIndirect
 .text.DeleteRgn
                0x000000000800f6ee       0x14 D:\GD32\GD32F103\test_code\liuwei\emXGUI_GD32F103\Module\GCC_Lib\libEMXGUI_GCC_RV32.a(GUI_Region.o)
                0x000000000800f6ee                DeleteRgn
 .text.RECT_LLAddRect
                0x000000000800f702        0x4 D:\GD32\GD32F103\test_code\liuwei\emXGUI_GD32F103\Module\GCC_Lib\libEMXGUI_GCC_RV32.a(GUI_Region.o)
                0x000000000800f702                RECT_LLAddRect
 .text.GUI_Lock
                0x000000000800f706       0x26 D:\GD32\GD32F103\test_code\liuwei\emXGUI_GD32F103\Module\GCC_Lib\libEMXGUI_GCC_RV32.a(X_GUI.o)
                0x000000000800f706                GUI_Lock
 .text.GUI_Unlock
                0x000000000800f72c       0x2e D:\GD32\GD32F103\test_code\liuwei\emXGUI_GD32F103\Module\GCC_Lib\libEMXGUI_GCC_RV32.a(X_GUI.o)
                0x000000000800f72c                GUI_Unlock
 .text.GetSystemMetrics
                0x000000000800f75a       0x24 D:\GD32\GD32F103\test_code\liuwei\emXGUI_GD32F103\Module\GCC_Lib\libEMXGUI_GCC_RV32.a(X_GUI.o)
                0x000000000800f75a                GetSystemMetrics
 .text.GUI_SetDefFont
                0x000000000800f77e        0xa D:\GD32\GD32F103\test_code\liuwei\emXGUI_GD32F103\Module\GCC_Lib\libEMXGUI_GCC_RV32.a(X_GUI.o)
                0x000000000800f77e                GUI_SetDefFont
 .text.GUI_SetScreenSurface
                0x000000000800f788        0xa D:\GD32\GD32F103\test_code\liuwei\emXGUI_GD32F103\Module\GCC_Lib\libEMXGUI_GCC_RV32.a(X_GUI.o)
                0x000000000800f788                GUI_SetScreenSurface
 .text.GUI_SetFrameBufferSurface
                0x000000000800f792        0xa D:\GD32\GD32F103\test_code\liuwei\emXGUI_GD32F103\Module\GCC_Lib\libEMXGUI_GCC_RV32.a(X_GUI.o)
                0x000000000800f792                GUI_SetFrameBufferSurface
 .text.GUI_RectLL_Alloc
                0x000000000800f79c       0x74 D:\GD32\GD32F103\test_code\liuwei\emXGUI_GD32F103\Module\GCC_Lib\libEMXGUI_GCC_RV32.a(X_GUI.o)
                0x000000000800f79c                GUI_RectLL_Alloc
 .text.GUI_RectLL_Free
                0x000000000800f810       0x78 D:\GD32\GD32F103\test_code\liuwei\emXGUI_GD32F103\Module\GCC_Lib\libEMXGUI_GCC_RV32.a(X_GUI.o)
                0x000000000800f810                GUI_RectLL_Free
 .text.GUI_CreateSurface
                0x000000000800f888      0x190 D:\GD32\GD32F103\test_code\liuwei\emXGUI_GD32F103\Module\GCC_Lib\libEMXGUI_GCC_RV32.a(X_GUI.o)
                0x000000000800f888                GUI_CreateSurface
 .text.GUI_DeleteSurface
                0x000000000800fa18       0x24 D:\GD32\GD32F103\test_code\liuwei\emXGUI_GD32F103\Module\GCC_Lib\libEMXGUI_GCC_RV32.a(X_GUI.o)
                0x000000000800fa18                GUI_DeleteSurface
 .text.X_GUI_Init
                0x000000000800fa3c       0xf6 D:\GD32\GD32F103\test_code\liuwei\emXGUI_GD32F103\Module\GCC_Lib\libEMXGUI_GCC_RV32.a(X_GUI.o)
                0x000000000800fa3c                X_GUI_Init
 .text.GL_BitBlt
                0x000000000800fb32       0x8e D:\GD32\GD32F103\test_code\liuwei\emXGUI_GD32F103\Module\GCC_Lib\libEMXGUI_GCC_RV32.a(GL_Bitblt.o)
                0x000000000800fb32                GL_BitBlt
 .text._CursorShow
                0x000000000800fbc0       0xb0 D:\GD32\GD32F103\test_code\liuwei\emXGUI_GD32F103\Module\GCC_Lib\libEMXGUI_GCC_RV32.a(GL_Cursor.o)
 .text._CursorHide
                0x000000000800fc70       0xc6 D:\GD32\GD32F103\test_code\liuwei\emXGUI_GD32F103\Module\GCC_Lib\libEMXGUI_GCC_RV32.a(GL_Cursor.o)
 .text.GL_CursorInit
                0x000000000800fd36      0x138 D:\GD32\GD32F103\test_code\liuwei\emXGUI_GD32F103\Module\GCC_Lib\libEMXGUI_GCC_RV32.a(GL_Cursor.o)
                0x000000000800fd36                GL_CursorInit
 .text.GL_ShowCursor
                0x000000000800fe6e       0x42 D:\GD32\GD32F103\test_code\liuwei\emXGUI_GD32F103\Module\GCC_Lib\libEMXGUI_GCC_RV32.a(GL_Cursor.o)
                0x000000000800fe6e                GL_ShowCursor
 .text.GL_GetCursorPos
                0x000000000800feb0       0x10 D:\GD32\GD32F103\test_code\liuwei\emXGUI_GD32F103\Module\GCC_Lib\libEMXGUI_GCC_RV32.a(GL_Cursor.o)
                0x000000000800feb0                GL_GetCursorPos
 .text.GL_SetCursorPos
                0x000000000800fec0       0xa4 D:\GD32\GD32F103\test_code\liuwei\emXGUI_GD32F103\Module\GCC_Lib\libEMXGUI_GCC_RV32.a(GL_Cursor.o)
                0x000000000800fec0                GL_SetCursorPos
 .text.GL_CursorCheck
                0x000000000800ff64       0x44 D:\GD32\GD32F103\test_code\liuwei\emXGUI_GD32F103\Module\GCC_Lib\libEMXGUI_GCC_RV32.a(GL_Cursor.o)
                0x000000000800ff64                GL_CursorCheck
 .text.GL_CursorFix
                0x000000000800ffa8       0x46 D:\GD32\GD32F103\test_code\liuwei\emXGUI_GD32F103\Module\GCC_Lib\libEMXGUI_GCC_RV32.a(GL_Cursor.o)
                0x000000000800ffa8                GL_CursorFix
 .text.__draw_bitmap_LUT2
                0x000000000800ffee        0x2 D:\GD32\GD32F103\test_code\liuwei\emXGUI_GD32F103\Module\GCC_Lib\libEMXGUI_GCC_RV32.a(GL_EXT_LCD_16Bit.o)
 .text.__set_pos
                0x000000000800fff0       0x30 D:\GD32\GD32F103\test_code\liuwei\emXGUI_GD32F103\Module\GCC_Lib\libEMXGUI_GCC_RV32.a(GL_EXT_LCD_16Bit.o)
 .text.__draw_bitmap_AL1
                0x0000000008010020      0x29c D:\GD32\GD32F103\test_code\liuwei\emXGUI_GD32F103\Module\GCC_Lib\libEMXGUI_GCC_RV32.a(GL_EXT_LCD_16Bit.o)
 .text.__draw_bitmap_XRGB8888
                0x00000000080102bc       0x9c D:\GD32\GD32F103\test_code\liuwei\emXGUI_GD32F103\Module\GCC_Lib\libEMXGUI_GCC_RV32.a(GL_EXT_LCD_16Bit.o)
 .text.__draw_bitmap_RGB888
                0x0000000008010358       0x9c D:\GD32\GD32F103\test_code\liuwei\emXGUI_GD32F103\Module\GCC_Lib\libEMXGUI_GCC_RV32.a(GL_EXT_LCD_16Bit.o)
 .text.__draw_bitmap_ARGB1555
                0x00000000080103f4       0xc8 D:\GD32\GD32F103\test_code\liuwei\emXGUI_GD32F103\Module\GCC_Lib\libEMXGUI_GCC_RV32.a(GL_EXT_LCD_16Bit.o)
 .text.__draw_bitmap_XRGB1555
                0x00000000080104bc       0x92 D:\GD32\GD32F103\test_code\liuwei\emXGUI_GD32F103\Module\GCC_Lib\libEMXGUI_GCC_RV32.a(GL_EXT_LCD_16Bit.o)
 .text.__draw_bitmap_RGB332
                0x000000000801054e       0x90 D:\GD32\GD32F103\test_code\liuwei\emXGUI_GD32F103\Module\GCC_Lib\libEMXGUI_GCC_RV32.a(GL_EXT_LCD_16Bit.o)
 .text.__draw_bitmap_LUT8
                0x00000000080105de       0x92 D:\GD32\GD32F103\test_code\liuwei\emXGUI_GD32F103\Module\GCC_Lib\libEMXGUI_GCC_RV32.a(GL_EXT_LCD_16Bit.o)
 .text.__draw_bitmap_LUT1
                0x0000000008010670      0x166 D:\GD32\GD32F103\test_code\liuwei\emXGUI_GD32F103\Module\GCC_Lib\libEMXGUI_GCC_RV32.a(GL_EXT_LCD_16Bit.o)
 .text.__set_pixel
                0x00000000080107d6       0x3c D:\GD32\GD32F103\test_code\liuwei\emXGUI_GD32F103\Module\GCC_Lib\libEMXGUI_GCC_RV32.a(GL_EXT_LCD_16Bit.o)
 .text.__draw_bitmap_RGB565
                0x0000000008010812       0x2a D:\GD32\GD32F103\test_code\liuwei\emXGUI_GD32F103\Module\GCC_Lib\libEMXGUI_GCC_RV32.a(GL_EXT_LCD_16Bit.o)
 .text.__copy_bits
                0x000000000801083c       0x36 D:\GD32\GD32F103\test_code\liuwei\emXGUI_GD32F103\Module\GCC_Lib\libEMXGUI_GCC_RV32.a(GL_EXT_LCD_16Bit.o)
 .text.__fill_rect
                0x0000000008010872       0x2e D:\GD32\GD32F103\test_code\liuwei\emXGUI_GD32F103\Module\GCC_Lib\libEMXGUI_GCC_RV32.a(GL_EXT_LCD_16Bit.o)
 .text.__draw_vline
                0x00000000080108a0       0x1e D:\GD32\GD32F103\test_code\liuwei\emXGUI_GD32F103\Module\GCC_Lib\libEMXGUI_GCC_RV32.a(GL_EXT_LCD_16Bit.o)
 .text.__draw_hline
                0x00000000080108be       0x20 D:\GD32\GD32F103\test_code\liuwei\emXGUI_GD32F103\Module\GCC_Lib\libEMXGUI_GCC_RV32.a(GL_EXT_LCD_16Bit.o)
 .text.__xor_pixel
                0x00000000080108de       0x6c D:\GD32\GD32F103\test_code\liuwei\emXGUI_GD32F103\Module\GCC_Lib\libEMXGUI_GCC_RV32.a(GL_EXT_LCD_16Bit.o)
 .text.__get_pixel
                0x000000000801094a       0x32 D:\GD32\GD32F103\test_code\liuwei\emXGUI_GD32F103\Module\GCC_Lib\libEMXGUI_GCC_RV32.a(GL_EXT_LCD_16Bit.o)
 .text.__draw_bitmap_LUT4
                0x000000000801097c       0xdc D:\GD32\GD32F103\test_code\liuwei\emXGUI_GD32F103\Module\GCC_Lib\libEMXGUI_GCC_RV32.a(GL_EXT_LCD_16Bit.o)
 .text.__draw_bitmap_AL8
                0x0000000008010a58       0x1e D:\GD32\GD32F103\test_code\liuwei\emXGUI_GD32F103\Module\GCC_Lib\libEMXGUI_GCC_RV32.a(GL_EXT_LCD_16Bit.o)
 .text.__set_pixel_ARGB
                0x0000000008010a76       0xbe D:\GD32\GD32F103\test_code\liuwei\emXGUI_GD32F103\Module\GCC_Lib\libEMXGUI_GCC_RV32.a(GL_EXT_LCD_16Bit.o)
 .text.__scale_bitmap
                0x0000000008010b34      0x350 D:\GD32\GD32F103\test_code\liuwei\emXGUI_GD32F103\Module\GCC_Lib\libEMXGUI_GCC_RV32.a(GL_EXT_LCD_16Bit.o)
 .text.__draw_bitmap_AL4
                0x0000000008010e84      0x180 D:\GD32\GD32F103\test_code\liuwei\emXGUI_GD32F103\Module\GCC_Lib\libEMXGUI_GCC_RV32.a(GL_EXT_LCD_16Bit.o)
 .text.__draw_bitmap_AL2
                0x0000000008011004      0x2a2 D:\GD32\GD32F103\test_code\liuwei\emXGUI_GD32F103\Module\GCC_Lib\libEMXGUI_GCC_RV32.a(GL_EXT_LCD_16Bit.o)
 .text.__draw_bitmap_ARGB8888
                0x00000000080112a6       0xd6 D:\GD32\GD32F103\test_code\liuwei\emXGUI_GD32F103\Module\GCC_Lib\libEMXGUI_GCC_RV32.a(GL_EXT_LCD_16Bit.o)
 .text.__draw_bitmap_ARGB4444
                0x000000000801137c       0xda D:\GD32\GD32F103\test_code\liuwei\emXGUI_GD32F103\Module\GCC_Lib\libEMXGUI_GCC_RV32.a(GL_EXT_LCD_16Bit.o)
 .text.__rotate_bitmap
                0x0000000008011456      0x4f6 D:\GD32\GD32F103\test_code\liuwei\emXGUI_GD32F103\Module\GCC_Lib\libEMXGUI_GCC_RV32.a(GL_EXT_LCD_16Bit.o)
 .text.__fill_rect_ARGB
                0x000000000801194c       0x6c D:\GD32\GD32F103\test_code\liuwei\emXGUI_GD32F103\Module\GCC_Lib\libEMXGUI_GCC_RV32.a(GL_EXT_LCD_16Bit.o)
 .text.EXT_LCD_CreateSurfaceRGB565
                0x00000000080119b8      0x156 D:\GD32\GD32F103\test_code\liuwei\emXGUI_GD32F103\Module\GCC_Lib\libEMXGUI_GCC_RV32.a(GL_EXT_LCD_16Bit.o)
                0x00000000080119b8                EXT_LCD_CreateSurfaceRGB565
 .text.__blend_argb
                0x0000000008011b0e      0x100 D:\GD32\GD32F103\test_code\liuwei\emXGUI_GD32F103\Module\GCC_Lib\libEMXGUI_GCC_RV32.a(GL_MEM_16BPP.o)
 .text.__set_pos
                0x0000000008011c0e       0x10 D:\GD32\GD32F103\test_code\liuwei\emXGUI_GD32F103\Module\GCC_Lib\libEMXGUI_GCC_RV32.a(GL_MEM_16BPP.o)
 .text.__set_pixel
                0x0000000008011c1e       0x14 D:\GD32\GD32F103\test_code\liuwei\emXGUI_GD32F103\Module\GCC_Lib\libEMXGUI_GCC_RV32.a(GL_MEM_16BPP.o)
 .text.__get_pixel
                0x0000000008011c32       0x14 D:\GD32\GD32F103\test_code\liuwei\emXGUI_GD32F103\Module\GCC_Lib\libEMXGUI_GCC_RV32.a(GL_MEM_16BPP.o)
 .text.__xor_pixel
                0x0000000008011c46       0x1c D:\GD32\GD32F103\test_code\liuwei\emXGUI_GD32F103\Module\GCC_Lib\libEMXGUI_GCC_RV32.a(GL_MEM_16BPP.o)
 .text.__draw_bitmap_LUT1
                0x0000000008011c62      0x16c D:\GD32\GD32F103\test_code\liuwei\emXGUI_GD32F103\Module\GCC_Lib\libEMXGUI_GCC_RV32.a(GL_MEM_16BPP.o)
 .text.__draw_bitmap_LUT2
                0x0000000008011dce        0x2 D:\GD32\GD32F103\test_code\liuwei\emXGUI_GD32F103\Module\GCC_Lib\libEMXGUI_GCC_RV32.a(GL_MEM_16BPP.o)
 .text.__draw_bitmap_LUT8
                0x0000000008011dd0       0x48 D:\GD32\GD32F103\test_code\liuwei\emXGUI_GD32F103\Module\GCC_Lib\libEMXGUI_GCC_RV32.a(GL_MEM_16BPP.o)
 .text.__draw_bitmap_AL1
                0x0000000008011e18      0x13a D:\GD32\GD32F103\test_code\liuwei\emXGUI_GD32F103\Module\GCC_Lib\libEMXGUI_GCC_RV32.a(GL_MEM_16BPP.o)
 .text.__draw_bitmap_AL2
                0x0000000008011f52      0x1f0 D:\GD32\GD32F103\test_code\liuwei\emXGUI_GD32F103\Module\GCC_Lib\libEMXGUI_GCC_RV32.a(GL_MEM_16BPP.o)
 .text.__draw_bitmap_AL4
                0x0000000008012142      0x132 D:\GD32\GD32F103\test_code\liuwei\emXGUI_GD32F103\Module\GCC_Lib\libEMXGUI_GCC_RV32.a(GL_MEM_16BPP.o)
 .text.__draw_bitmap_AL8
                0x0000000008012274       0xac D:\GD32\GD32F103\test_code\liuwei\emXGUI_GD32F103\Module\GCC_Lib\libEMXGUI_GCC_RV32.a(GL_MEM_16BPP.o)
 .text.__draw_hline
                0x0000000008012320       0x1e D:\GD32\GD32F103\test_code\liuwei\emXGUI_GD32F103\Module\GCC_Lib\libEMXGUI_GCC_RV32.a(GL_MEM_16BPP.o)
 .text.__draw_vline
                0x000000000801233e       0x24 D:\GD32\GD32F103\test_code\liuwei\emXGUI_GD32F103\Module\GCC_Lib\libEMXGUI_GCC_RV32.a(GL_MEM_16BPP.o)
 .text.__draw_bitmap_LUT4
                0x0000000008012362       0x74 D:\GD32\GD32F103\test_code\liuwei\emXGUI_GD32F103\Module\GCC_Lib\libEMXGUI_GCC_RV32.a(GL_MEM_16BPP.o)
 .text.__scale_bitmap